Component: ARM Compiler 5.06 update 4 (build 422) Tool: armlink [4d35d2]

==============================================================================

Section Cross References

    startup_stm32f103xe.o(RESET) refers to startup_stm32f103xe.o(STACK) for __initial_sp
    startup_stm32f103xe.o(RESET) refers to startup_stm32f103xe.o(.text) for Reset_Handler
    startup_stm32f103xe.o(RESET) refers to stm32f1xx_it.o(i.NMI_Handler) for NMI_Handler
    startup_stm32f103xe.o(RESET) refers to stm32f1xx_it.o(i.HardFault_Handler) for HardFault_Handler
    startup_stm32f103xe.o(RESET) refers to stm32f1xx_it.o(i.MemManage_Handler) for MemManage_Handler
    startup_stm32f103xe.o(RESET) refers to stm32f1xx_it.o(i.BusFault_Handler) for BusFault_Handler
    startup_stm32f103xe.o(RESET) refers to stm32f1xx_it.o(i.UsageFault_Handler) for UsageFault_Handler
    startup_stm32f103xe.o(RESET) refers to stm32f1xx_it.o(i.SVC_Handler) for SVC_Handler
    startup_stm32f103xe.o(RESET) refers to stm32f1xx_it.o(i.DebugMon_Handler) for DebugMon_Handler
    startup_stm32f103xe.o(RESET) refers to stm32f1xx_it.o(i.PendSV_Handler) for PendSV_Handler
    startup_stm32f103xe.o(RESET) refers to stm32f1xx_it.o(i.SysTick_Handler) for SysTick_Handler
    startup_stm32f103xe.o(RESET) refers to stm32f1xx_it.o(i.EXTI0_IRQHandler) for EXTI0_IRQHandler
    startup_stm32f103xe.o(RESET) refers to stm32f1xx_it.o(i.USART1_IRQHandler) for USART1_IRQHandler
    startup_stm32f103xe.o(RESET) refers to stm32f1xx_it.o(i.USART3_IRQHandler) for USART3_IRQHandler
    startup_stm32f103xe.o(.text) refers to system_stm32f1xx.o(i.SystemInit) for SystemInit
    startup_stm32f103xe.o(.text) refers to entry.o(.ARM.Collect$$$$00000000) for __main
    main.o(i.SystemClock_Config) refers to memseta.o(.text) for __aeabi_memclr4
    main.o(i.SystemClock_Config) refers to stm32f1xx_hal_rcc.o(i.HAL_RCC_OscConfig) for HAL_RCC_OscConfig
    main.o(i.SystemClock_Config) refers to stm32f1xx_hal_rcc.o(i.HAL_RCC_ClockConfig) for HAL_RCC_ClockConfig
    main.o(i.main) refers to stm32f1xx_hal.o(i.HAL_Init) for HAL_Init
    main.o(i.main) refers to main.o(i.SystemClock_Config) for SystemClock_Config
    main.o(i.main) refers to gpio.o(i.MX_GPIO_Init) for MX_GPIO_Init
    main.o(i.main) refers to usart.o(i.MX_USART1_UART_Init) for MX_USART1_UART_Init
    main.o(i.main) refers to tim.o(i.MX_TIM3_Init) for MX_TIM3_Init
    main.o(i.main) refers to tim.o(i.MX_TIM1_Init) for MX_TIM1_Init
    main.o(i.main) refers to tim.o(i.MX_TIM2_Init) for MX_TIM2_Init
    main.o(i.main) refers to tim.o(i.MX_TIM4_Init) for MX_TIM4_Init
    main.o(i.main) refers to tim.o(i.MX_TIM8_Init) for MX_TIM8_Init
    main.o(i.main) refers to usart.o(i.MX_USART3_UART_Init) for MX_USART3_UART_Init
    main.o(i.main) refers to stm32f1xx_hal_tim.o(i.HAL_TIM_PWM_Start) for HAL_TIM_PWM_Start
    main.o(i.main) refers to stm32f1xx_hal_uart.o(i.HAL_UART_Receive_IT) for HAL_UART_Receive_IT
    main.o(i.main) refers to stm32f1xx_hal.o(i.HAL_Delay) for HAL_Delay
    main.o(i.main) refers to printfa.o(i.__0printf) for __2printf
    main.o(i.main) refers to printfa.o(i.__0sprintf) for __2sprintf
    main.o(i.main) refers to strlen.o(.text) for strlen
    main.o(i.main) refers to stm32f1xx_hal_uart.o(i.HAL_UART_Transmit) for HAL_UART_Transmit
    main.o(i.main) refers to duoji.o(i.arm_init) for arm_init
    main.o(i.main) refers to duoji.o(i.arm_control) for arm_control
    main.o(i.main) refers to duoji.o(i.wait_mode) for wait_mode
    main.o(i.main) refers to duoji.o(i.duoji_pwmstop) for duoji_pwmstop
    main.o(i.main) refers to lineread.o(i._run) for _run
    main.o(i.main) refers to dianji.o(i.Stop) for Stop
    main.o(i.main) refers to lineread.o(i.find_mid_mode) for find_mid_mode
    main.o(i.main) refers to duoji.o(i.duoji_pwmstart) for duoji_pwmstart
    main.o(i.main) refers to duoji.o(i.move_z) for move_z
    main.o(i.main) refers to duoji.o(i.move_x_mode) for move_x_mode
    main.o(i.main) refers to duoji.o(i.glab_place_mode) for glab_place_mode
    main.o(i.main) refers to main.o(i.print) for print
    main.o(i.main) refers to main.o(i.rx_proc) for rx_proc
    main.o(i.main) refers to tim.o(.bss) for htim1
    main.o(i.main) refers to intterupt.o(.data) for data
    main.o(i.main) refers to usart.o(.bss) for huart1
    main.o(i.main) refers to main.o(.bss) for .bss
    main.o(i.main) refers to main.o(.data) for .data
    main.o(i.print) refers to printfa.o(i.__0printf) for __2printf
    main.o(i.print) refers to main.o(.data) for .data
    main.o(i.rx_proc) refers to _scanf_str.o(.text) for _scanf_string
    main.o(i.rx_proc) refers to stm32f1xx_hal.o(i.HAL_Delay) for HAL_Delay
    main.o(i.rx_proc) refers to __0sscanf.o(.text) for __0sscanf
    main.o(i.rx_proc) refers to printfa.o(i.__0sprintf) for __2sprintf
    main.o(i.rx_proc) refers to strlen.o(.text) for strlen
    main.o(i.rx_proc) refers to stm32f1xx_hal_uart.o(i.HAL_UART_Transmit) for HAL_UART_Transmit
[...]
    ..\Drivers\STM32F1xx_HAL_Driver\Src\stm32f1xx_hal_cortex.c 0x00000000   Number         0  stm32f1xx_hal_cortex.o ABSOLUTE
    ..\Drivers\STM32F1xx_HAL_Driver\Src\stm32f1xx_hal_dma.c 0x00000000   Number         0  stm32f1xx_hal_dma.o ABSOLUTE
    ..\Drivers\STM32F1xx_HAL_Driver\Src\stm32f1xx_hal_exti.c 0x00000000   Number         0  stm32f1xx_hal_exti.o ABSOLUTE
    ..\Drivers\STM32F1xx_HAL_Driver\Src\stm32f1xx_hal_flash.c 0x00000000   Number         0  stm32f1xx_hal_flash.o ABSOLUTE
    ..\Drivers\STM32F1xx_HAL_Driver\Src\stm32f1xx_hal_flash_ex.c 0x00000000   Number         0  stm32f1xx_hal_flash_ex.o ABSOLUTE
    ..\Drivers\STM32F1xx_HAL_Driver\Src\stm32f1xx_hal_gpio.c 0x00000000   Number         0  stm32f1xx_hal_gpio.o ABSOLUTE
    ..\Drivers\STM32F1xx_HAL_Driver\Src\stm32f1xx_hal_gpio_ex.c 0x00000000   Number         0  stm32f1xx_hal_gpio_ex.o ABSOLUTE
    ..\Drivers\STM32F1xx_HAL_Driver\Src\stm32f1xx_hal_pwr.c 0x00000000   Number         0  stm32f1xx_hal_pwr.o ABSOLUTE
    ..\Drivers\STM32F1xx_HAL_Driver\Src\stm32f1xx_hal_rcc.c 0x00000000   Number         0  stm32f1xx_hal_rcc.o ABSOLUTE
    ..\Drivers\STM32F1xx_HAL_Driver\Src\stm32f1xx_hal_rcc_ex.c 0x00000000   Number         0  stm32f1xx_hal_rcc_ex.o ABSOLUTE
    ..\Drivers\STM32F1xx_HAL_Driver\Src\stm32f1xx_hal_tim.c 0x00000000   Number         0  stm32f1xx_hal_tim.o ABSOLUTE
    ..\Drivers\STM32F1xx_HAL_Driver\Src\stm32f1xx_hal_tim_ex.c 0x00000000   Number         0  stm32f1xx_hal_tim_ex.o ABSOLUTE
    ..\Drivers\STM32F1xx_HAL_Driver\Src\stm32f1xx_hal_uart.c 0x00000000   Number         0  stm32f1xx_hal_uart.o ABSOLUTE
    Mat.c                                    0x00000000   Number         0  mat.o ABSOLUTE
    Mat.c                                    0x00000000   Number         0  mat.o ABSOLUTE
    bsp_i2c_gpio.c                           0x00000000   Number         0  bsp_i2c_gpio.o ABSOLUTE
    bsp_i2c_gpio.c                           0x00000000   Number         0  bsp_i2c_gpio.o ABSOLUTE
    cdcmple.s                                0x00000000   Number         0  cdcmple.o ABSOLUTE
    cdrcmple.s                               0x00000000   Number         0  cdrcmple.o ABSOLUTE
    dc.s                                     0x00000000   Number         0  dc.o ABSOLUTE
    duoji.c                                  0x00000000   Number         0  duoji.o ABSOLUTE
    duoji.c                                  0x00000000   Number         0  duoji.o ABSOLUTE
    handlers.s                               0x00000000   Number         0  handlers.o ABSOLUTE
    init.s                                   0x00000000   Number         0  init.o ABSOLUTE
    intterupt.c                              0x00000000   Number         0  intterupt.o ABSOLUTE
    intterupt.c                              0x00000000   Number         0  intterupt.o ABSOLUTE
    pid\\dianji.c                            0x00000000   Number         0  dianji.o ABSOLUTE
    pid\\lineread.c                          0x00000000   Number         0  lineread.o ABSOLUTE
    pid\dianji.c                             0x00000000   Number         0  dianji.o ABSOLUTE
    pid\lineread.c                           0x00000000   Number         0  lineread.o ABSOLUTE
    startup_stm32f103xe.s                    0x00000000   Number         0  startup_stm32f103xe.o ABSOLUTE
    RESET                                    0x08000000   Section      304  startup_stm32f103xe.o(RESET)
    .ARM.Collect$$$$00000000                 0x08000130   Section        0  entry.o(.ARM.Collect$$$$00000000)
    .ARM.Collect$$$$00000001                 0x08000130   Section        4  entry2.o(.ARM.Collect$$$$00000001)
    .ARM.Collect$$$$00000004                 0x08000134   Section        4  entry5.o(.ARM.Collect$$$$00000004)
    .ARM.Collect$$$$00000008                 0x08000138   Section        0  entry7b.o(.ARM.Collect$$$$00000008)
    .ARM.Collect$$$$0000000A                 0x08000138   Section        0  entry8b.o(.ARM.Collect$$$$0000000A)
    .ARM.Collect$$$$0000000B                 0x08000138   Section        8  entry9a.o(.ARM.Collect$$$$0000000B)
    .ARM.Collect$$$$0000000D                 0x08000140   Section        0  entry10a.o(.ARM.Collect$$$$0000000D)
    .ARM.Collect$$$$0000000F                 0x08000140   Section        0  entry11a.o(.ARM.Collect$$$$0000000F)
    .ARM.Collect$$$$00002712                 0x08000140   Section        4  entry2.o(.ARM.Collect$$$$00002712)
    __lit__00000000                          0x08000140   Data           4  entry2.o(.ARM.Collect$$$$00002712)
    .text                                    0x08000144   Section       36  startup_stm32f103xe.o(.text)
    .text                                    0x08000168   Section        0  llushr.o(.text)
    .text                                    0x08000188   Section        0  memseta.o(.text)
    .text                                    0x080001ac   Section        0  strlen.o(.text)
    .text                                    0x080001bc   Section        0  __0sscanf.o(.text)
    .text                                    0x080001f4   Section        0  _scanf_str.o(.text)
    .text                                    0x080002d4   Section        0  strtol.o(.text)
    .text                                    0x08000344   Section        0  atoi.o(.text)
    .text                                    0x0800035e   Section        0  fadd.o(.text)
    .text                                    0x0800040e   Section        0  fmul.o(.text)
    .text                                    0x08000472   Section        0  dadd.o(.text)
    .text                                    0x080005c0   Section        0  dmul.o(.text)
    .text                                    0x080006a4   Section        0  ddiv.o(.text)
    .text                                    0x08000782   Section        0  dscalb.o(.text)
    .text                                    0x080007b0   Section        0  fflti.o(.text)
    .text                                    0x080007c2   Section        0  dflti.o(.text)
    .text                                    0x080007e4   Section        0  dfltui.o(.text)
    .text                                    0x080007fe   Section        0  ffixi.o(.text)
    .text                                    0x08000830   Section        0  dfixi.o(.text)
    .text                                    0x0800086e   Section        0  dfixui.o(.text)
    .text                                    0x080008a0   Section        0  f2d.o(.text)
    .text                                    0x080008c8   Section       48  cdrcmple.o(.text)
    .text                                    0x080008f8   Section        0  d2f.o(.text)
    .text                                    0x08000930   Section        0  uidiv.o(.text)
    .text                                    0x0800095c   Section        0  uldiv.o(.text)
    .text                                    0x080009be   Section        0  llshl.o(.text)
    .text                                    0x080009dc   Section        0  llsshr.o(.text)
    .text                                    0x08000a00   Section        0  ctype_o.o(.text)
    .text                                    0x08000a08   Section        0  isspace_o.o(.text)
    .text                                    0x08000a1c   Section        0  scanf_char.o(.text)
    _scanf_char_input                        0x08000a1d   Thumb Code    12  scanf_char.o(.text)
    .text                                    0x08000a44   Section        0  _sgetc.o(.text)
    .text                                    0x08000a84   Section        0  _strtoul.o(.text)
    .text                                    0x08000b24   Section        0  strtod.o(.text)
    _local_sscanf                            0x08000b25   Thumb Code    54  strtod.o(.text)
    .text                                    0x08000bc0   Section        0  iusefp.o(.text)
    .text                                    0x08000bc0   Section        0  fepilogue.o(.text)
    .text                                    0x08000c2e   Section        0  depilogue.o(.text)
    .text                                    0x08000ce8   Section        0  dsqrt.o(.text)
    .text                                    0x08000d8a   Section        0  dfixul.o(.text)
    .text                                    0x08000dbc   Section       36  init.o(.text)
    .text                                    0x08000de0   Section        0  _chval.o(.text)
    .text                                    0x08000dfc   Section        0  _scanf.o(.text)
    .text                                    0x08001128   Section        0  scanf_fp.o(.text)
    _fp_value                                0x08001129   Thumb Code   256  scanf_fp.o(.text)
    .text                                    0x08001460   Section        0  dfltul.o(.text)
    i.Axis_angle                             0x08001478   Section        0  duoji.o(i.Axis_angle)
    i.BusFault_Handler                       0x0800157c   Section        0  stm32f1xx_it.o(i.BusFault_Handler)
    i.DebugMon_Handler                       0x0800157e   Section        0  stm32f1xx_it.o(i.DebugMon_Handler)
    i.EXTI0_IRQHandler                       0x08001580   Section        0  stm32f1xx_it.o(i.EXTI0_IRQHandler)
    i.Error_Handler                          0x08001586   Section        0  main.o(i.Error_Handler)
    i.HAL_DMA_Abort                          0x0800158a   Section        0  stm32f1xx_hal_dma.o(i.HAL_DMA_Abort)
    i.HAL_DMA_Abort_IT                       0x080015d0   Section        0  stm32f1xx_hal_dma.o(i.HAL_DMA_Abort_IT)
    i.HAL_Delay                              0x08001700   Section        0  stm32f1xx_hal.o(i.HAL_Delay)
    i.HAL_GPIO_EXTI_Callback                 0x08001724   Section        0  intterupt.o(i.HAL_GPIO_EXTI_Callback)
    i.HAL_GPIO_EXTI_IRQHandler               0x0800174c   Section        0  stm32f1xx_hal_gpio.o(i.HAL_GPIO_EXTI_IRQHandler)
    i.HAL_GPIO_Init                          0x08001764   Section        0  stm32f1xx_hal_gpio.o(i.HAL_GPIO_Init)
    i.HAL_GPIO_ReadPin                       0x0800195c   Section        0  stm32f1xx_hal_gpio.o(i.HAL_GPIO_ReadPin)
    i.HAL_GPIO_WritePin                      0x08001966   Section        0  stm32f1xx_hal_gpio.o(i.HAL_GPIO_WritePin)
    i.HAL_GetTick                            0x08001970   Section        0  stm32f1xx_hal.o(i.HAL_GetTick)
    i.HAL_IncTick                            0x0800197c   Section        0  stm32f1xx_hal.o(i.HAL_IncTick)
    i.HAL_Init                               0x0800198c   Section        0  stm32f1xx_hal.o(i.HAL_Init)
    i.HAL_InitTick                           0x080019b0   Section        0  stm32f1xx_hal.o(i.HAL_InitTick)
    i.HAL_MspInit                            0x080019f0   Section        0  stm32f1xx_hal_msp.o(i.HAL_MspInit)
    i.HAL_NVIC_EnableIRQ                     0x08001a34   Section        0  stm32f1xx_hal_cortex.o(i.HAL_NVIC_EnableIRQ)
    i.HAL_NVIC_SetPriority                   0x08001a50   Section        0  stm32f1xx_hal_cortex.o(i.HAL_NVIC_SetPriority)
    i.HAL_NVIC_SetPriorityGrouping           0x08001a90   Section        0  stm32f1xx_hal_cortex.o(i.HAL_NVIC_SetPriorityGrouping)
    i.HAL_RCC_ClockConfig                    0x08001ab4   Section        0  stm32f1xx_hal_rcc.o(i.HAL_RCC_ClockConfig)
    i.HAL_RCC_GetPCLK1Freq                   0x08001be0   Section        0  stm32f1xx_hal_rcc.o(i.HAL_RCC_GetPCLK1Freq)
    i.HAL_RCC_GetPCLK2Freq                   0x08001c00   Section        0  stm32f1xx_hal_rcc.o(i.HAL_RCC_GetPCLK2Freq)
    i.HAL_RCC_GetSysClockFreq                0x08001c20   Section        0  stm32f1xx_hal_rcc.o(i.HAL_RCC_GetSysClockFreq)
    i.HAL_RCC_OscConfig                      0x08001c6c   Section        0  stm32f1xx_hal_rcc.o(i.HAL_RCC_OscConfig)
    i.HAL_SYSTICK_Config                     0x08001f8c   Section        0  stm32f1xx_hal_cortex.o(i.HAL_SYSTICK_Config)
    i.HAL_TIMEx_ConfigBreakDeadTime          0x08001fb4   Section        0  stm32f1xx_hal_tim_ex.o(i.HAL_TIMEx_ConfigBreakDeadTime)
    i.HAL_TIMEx_MasterConfigSynchronization  0x08002008   Section        0  stm32f1xx_hal_tim_ex.o(i.HAL_TIMEx_MasterConfigSynchronization)
    i.HAL_TIM_MspPostInit                    0x08002084   Section        0  tim.o(i.HAL_TIM_MspPostInit)
    i.HAL_TIM_PWM_ConfigChannel              0x080021c4   Section        0  stm32f1xx_hal_tim.o(i.HAL_TIM_PWM_ConfigChannel)
    i.HAL_TIM_PWM_Init                       0x08002290   Section        0  stm32f1xx_hal_tim.o(i.HAL_TIM_PWM_Init)
    i.HAL_TIM_PWM_MspInit                    0x080022ec   Section        0  tim.o(i.HAL_TIM_PWM_MspInit)
    i.HAL_TIM_PWM_Start                      0x08002378   Section        0  stm32f1xx_hal_tim.o(i.HAL_TIM_PWM_Start)
    i.HAL_TIM_PWM_Stop                       0x0800242c   Section        0  stm32f1xx_hal_tim.o(i.HAL_TIM_PWM_Stop)
    i.HAL_UARTEx_RxEventCallback             0x080024a8   Section        0  stm32f1xx_hal_uart.o(i.HAL_UARTEx_RxEventCallback)
    i.HAL_UART_ErrorCallback                 0x080024aa   Section        0  stm32f1xx_hal_uart.o(i.HAL_UART_ErrorCallback)
    i.HAL_UART_IRQHandler                    0x080024ac   Section        0  stm32f1xx_hal_uart.o(i.HAL_UART_IRQHandler)
    i.HAL_UART_Init                          0x08002718   Section        0  stm32f1xx_hal_uart.o(i.HAL_UART_Init)
    i.HAL_UART_MspInit                       0x0800277c   Section        0  usart.o(i.HAL_UART_MspInit)
    i.HAL_UART_Receive_IT                    0x0800286c   Section        0  stm32f1xx_hal_uart.o(i.HAL_UART_Receive_IT)
    i.HAL_UART_RxCpltCallback                0x08002888   Section        0  intterupt.o(i.HAL_UART_RxCpltCallback)
    i.HAL_UART_Transmit                      0x080028d0   Section        0  stm32f1xx_hal_uart.o(i.HAL_UART_Transmit)
    i.HAL_UART_TxCpltCallback                0x0800296a   Section        0  stm32f1xx_hal_uart.o(i.HAL_UART_TxCpltCallback)
    i.HardFault_Handler                      0x0800296c   Section        0  stm32f1xx_it.o(i.HardFault_Handler)
    i.Left_set                               0x08002970   Section        0  dianji.o(i.Left_set)
    i.MX_GPIO_Init                           0x08002a40   Section        0  gpio.o(i.MX_GPIO_Init)
    i.MX_TIM1_Init                           0x08002b44   Section        0  tim.o(i.MX_TIM1_Init)
    i.MX_TIM2_Init                           0x08002bf8   Section        0  tim.o(i.MX_TIM2_Init)
    i.MX_TIM3_Init                           0x08002c6c   Section        0  tim.o(i.MX_TIM3_Init)
    i.MX_TIM4_Init                           0x08002cf0   Section        0  tim.o(i.MX_TIM4_Init)
    i.MX_TIM8_Init                           0x08002d74   Section        0  tim.o(i.MX_TIM8_Init)
    i.MX_USART1_UART_Init                    0x08002e28   Section        0  usart.o(i.MX_USART1_UART_Init)
    i.MX_USART3_UART_Init                    0x08002e60   Section        0  usart.o(i.MX_USART3_UART_Init)
    i.MemManage_Handler                      0x08002e98   Section        0  stm32f1xx_it.o(i.MemManage_Handler)
    i.NMI_Handler                            0x08002e9a   Section        0  stm32f1xx_it.o(i.NMI_Handler)
    i.PendSV_Handler                         0x08002e9c   Section        0  stm32f1xx_it.o(i.PendSV_Handler)
    i.Right_set                              0x08002ea0   Section        0  dianji.o(i.Right_set)
    i.SVC_Handler                            0x08002f74   Section        0  stm32f1xx_it.o(i.SVC_Handler)
    i.Stop                                   0x08002f78   Section        0  dianji.o(i.Stop)
    i.SysTick_Handler                        0x08002fdc   Section        0  stm32f1xx_it.o(i.SysTick_Handler)
    i.SystemClock_Config                     0x08002fe0   Section        0  main.o(i.SystemClock_Config)
    i.SystemInit                             0x0800303e   Section        0  system_stm32f1xx.o(i.SystemInit)
    i.TIM_Base_SetConfig                     0x08003040   Section        0  stm32f1xx_hal_tim.o(i.TIM_Base_SetConfig)
    i.TIM_CCxChannelCmd                      0x080030cc   Section        0  stm32f1xx_hal_tim.o(i.TIM_CCxChannelCmd)
    i.TIM_OC1_SetConfig                      0x080030e8   Section        0  stm32f1xx_hal_tim.o(i.TIM_OC1_SetConfig)
    TIM_OC1_SetConfig                        0x080030e9   Thumb Code    88  stm32f1xx_hal_tim.o(i.TIM_OC1_SetConfig)
    i.TIM_OC2_SetConfig                      0x08003148   Section        0  stm32f1xx_hal_tim.o(i.TIM_OC2_SetConfig)
    i.TIM_OC3_SetConfig                      0x080031b4   Section        0  stm32f1xx_hal_tim.o(i.TIM_OC3_SetConfig)
    TIM_OC3_SetConfig                        0x080031b5   Thumb Code    96  stm32f1xx_hal_tim.o(i.TIM_OC3_SetConfig)
    i.TIM_OC4_SetConfig                      0x0800321c   Section        0  stm32f1xx_hal_tim.o(i.TIM_OC4_SetConfig)
    TIM_OC4_SetConfig                        0x0800321d   Thumb Code    70  stm32f1xx_hal_tim.o(i.TIM_OC4_SetConfig)
    i.UART_DMAAbortOnError                   0x0800326c   Section        0  stm32f1xx_hal_uart.o(i.UART_DMAAbortOnError)
    UART_DMAAbortOnError                     0x0800326d   Thumb Code    16  stm32f1xx_hal_uart.o(i.UART_DMAAbortOnError)
    i.UART_EndRxTransfer                     0x0800327c   Section        0  stm32f1xx_hal_uart.o(i.UART_EndRxTransfer)
    UART_EndRxTransfer                       0x0800327d   Thumb Code    78  stm32f1xx_hal_uart.o(i.UART_EndRxTransfer)
    i.UART_Receive_IT                        0x080032ca   Section        0  stm32f1xx_hal_uart.o(i.UART_Receive_IT)
    UART_Receive_IT                          0x080032cb   Thumb Code   194  stm32f1xx_hal_uart.o(i.UART_Receive_IT)
    i.UART_SetConfig                         0x0800338c   Section        0  stm32f1xx_hal_uart.o(i.UART_SetConfig)
    UART_SetConfig                           0x0800338d   Thumb Code   178  stm32f1xx_hal_uart.o(i.UART_SetConfig)
    i.UART_Start_Receive_IT                  0x08003444   Section        0  stm32f1xx_hal_uart.o(i.UART_Start_Receive_IT)
    i.UART_WaitOnFlagUntilTimeout            0x0800347a   Section        0  stm32f1xx_hal_uart.o(i.UART_WaitOnFlagUntilTimeout)
    UART_WaitOnFlagUntilTimeout              0x0800347b   Thumb Code   120  stm32f1xx_hal_uart.o(i.UART_WaitOnFlagUntilTimeout)
    i.USART1_IRQHandler                      0x080034f4   Section        0  stm32f1xx_it.o(i.USART1_IRQHandler)
    i.USART3_IRQHandler                      0x08003500   Section        0  stm32f1xx_it.o(i.USART3_IRQHandler)
    i.UsageFault_Handler                     0x0800350c   Section        0  stm32f1xx_it.o(i.UsageFault_Handler)
    i.__0printf                              0x08003510   Section        0  printfa.o(i.__0printf)
    i.__0sprintf                             0x08003530   Section        0  printfa.o(i.__0sprintf)
    i.__ARM_fpclassify                       0x08003558   Section        0  fpclassify.o(i.__ARM_fpclassify)
    i.__NVIC_SetPriority                     0x08003580   Section        0  stm32f1xx_hal_cortex.o(i.__NVIC_SetPriority)
    __NVIC_SetPriority                       0x08003581   Thumb Code    32  stm32f1xx_hal_cortex.o(i.__NVIC_SetPriority)
    i.__aeabi_errno_addr                     0x080035a0   Section        0  errno.o(i.__aeabi_errno_addr)
    i.__ieee754_rem_pio2                     0x080035a8   Section        0  rred.o(i.__ieee754_rem_pio2)
    i.__kernel_cos                           0x08003930   Section        0  cos_i.o(i.__kernel_cos)
    i.__kernel_poly                          0x08003a2c   Section        0  poly.o(i.__kernel_poly)
    i.__kernel_sin                           0x08003ad8   Section        0  sin_i.o(i.__kernel_sin)
    i.__mathlib_dbl_infnan                   0x08003bc4   Section        0  dunder.o(i.__mathlib_dbl_infnan)
    i.__mathlib_dbl_infnan2                  0x08003bca   Section        0  dunder.o(i.__mathlib_dbl_infnan2)
    i.__mathlib_dbl_invalid                  0x08003bce   Section        0  dunder.o(i.__mathlib_dbl_invalid)
    i.__mathlib_dbl_underflow                0x08003bdc   Section        0  dunder.o(i.__mathlib_dbl_underflow)
    i.__read_errno                           0x08003bec   Section        0  errno.o(i.__read_errno)
    i.__scatterload_copy                     0x08003bf8   Section       14  handlers.o(i.__scatterload_copy)
    i.__scatterload_null                     0x08003c06   Section        2  handlers.o(i.__scatterload_null)
    i.__scatterload_zeroinit                 0x08003c08   Section       14  handlers.o(i.__scatterload_zeroinit)
    i.__set_errno                            0x08003c18   Section        0  errno.o(i.__set_errno)
    i._fp_digits                             0x08003c24   Section        0  printfa.o(i._fp_digits)
    _fp_digits                               0x08003c25   Thumb Code   366  printfa.o(i._fp_digits)
    i._is_digit                              0x08003da8   Section        0  scanf_fp.o(i._is_digit)
    i._printf_core                           0x08003db8   Section        0  printfa.o(i._printf_core)
    _printf_core                             0x08003db9   Thumb Code  1744  printfa.o(i._printf_core)
    i._printf_post_padding                   0x08004494   Section        0  printfa.o(i._printf_post_padding)
    _printf_post_padding                     0x08004495   Thumb Code    36  printfa.o(i._printf_post_padding)
    i._printf_pre_padding                    0x080044b8   Section        0  printfa.o(i._printf_pre_padding)
    _printf_pre_padding                      0x080044b9   Thumb Code    46  printfa.o(i._printf_pre_padding)
    i._run                                   0x080044e8   Section        0  lineread.o(i._run)
    i._sputc                                 0x08004598   Section        0  printfa.o(i._sputc)
    _sputc                                   0x08004599   Thumb Code    10  printfa.o(i._sputc)
    i.acos                                   0x080045a4   Section        0  acos.o(i.acos)
    i.arm_control                            0x08004820   Section        0  duoji.o(i.arm_control)
    i.arm_init                               0x08004980   Section        0  duoji.o(i.arm_init)
    i.asin                                   0x08004a00   Section        0  asin.o(i.asin)
    i.atan                                   0x08004c70   Section        0  atan.o(i.atan)
    i.atan2                                  0x08004e90   Section        0  atan2.o(i.atan2)
    i.atof                                   0x08005010   Section        0  atof.o(i.atof)
    i.back                                   0x0800503c   Section        0  dianji.o(i.back)
    i.cos                                    0x080050c0   Section        0  cos.o(i.cos)
    i.duoji_pwmstart                         0x0800515c   Section        0  duoji.o(i.duoji_pwmstart)
    i.duoji_pwmstop                          0x08005198   Section        0  duoji.o(i.duoji_pwmstop)
    i.extremity_set                          0x080051d4   Section        0  duoji.o(i.extremity_set)
    i.find_mid_mode                          0x08005204   Section        0  lineread.o(i.find_mid_mode)
    i.fputc                                  0x08005218   Section        0  usart.o(i.fputc)
    i.glab_place_mode                        0x08005230   Section        0  duoji.o(i.glab_place_mode)
    i.go                                     0x08005290   Section        0  dianji.o(i.go)
    i.main                                   0x08005314   Section        0  main.o(i.main)
    i.motor_pid                              0x08005638   Section        0  lineread.o(i.motor_pid)
    i.motor_run                              0x08005694   Section        0  lineread.o(i.motor_run)
    i.move_axie0                             0x080056c8   Section        0  duoji.o(i.move_axie0)
    i.move_x                                 0x08005734   Section        0  duoji.o(i.move_x)
    i.move_x_mode                            0x080057f8   Section        0  duoji.o(i.move_x_mode)
    i.move_y                                 0x08005840   Section        0  duoji.o(i.move_y)
    i.move_z                                 0x08005918   Section        0  duoji.o(i.move_z)
    i.print                                  0x080059dc   Section        0  main.o(i.print)
    i.pro_ni                                 0x080059fc   Section        0  duoji.o(i.pro_ni)
    i.rx_proc                                0x08005c4c   Section        0  main.o(i.rx_proc)
    i.sin                                    0x08005f60   Section        0  sin.o(i.sin)
    i.sj_read                                0x08006000   Section        0  lineread.o(i.sj_read)
    i.sqrt                                   0x080060f8   Section        0  sqrt.o(i.sqrt)
    i.str_hex                                0x08006144   Section        0  main.o(i.str_hex)
    i.wait_mode                              0x08006170   Section        0  duoji.o(i.wait_mode)
    i.world_move                             0x080061a8   Section        0  duoji.o(i.world_move)
    .constdata                               0x08006208   Section       18  stm32f1xx_hal_rcc.o(.constdata)
    aPredivFactorTable                       0x08006208   Data           2  stm32f1xx_hal_rcc.o(.constdata)
    aPLLMULFactorTable                       0x0800620a   Data          16  stm32f1xx_hal_rcc.o(.constdata)
    .constdata                               0x0800621a   Section       16  system_stm32f1xx.o(.constdata)
    .constdata                               0x0800622a   Section        8  system_stm32f1xx.o(.constdata)
    .constdata                               0x08006238   Section       80  acos.o(.constdata)
    pS                                       0x08006238   Data          48  acos.o(.constdata)
    qS                                       0x08006268   Data          32  acos.o(.constdata)
    .constdata                               0x08006288   Section       80  asin.o(.constdata)
    pS                                       0x08006288   Data          48  asin.o(.constdata)
    qS                                       0x080062b8   Data          32  asin.o(.constdata)
    .constdata                               0x080062d8   Section      152  atan.o(.constdata)
    atanhi                                   0x080062d8   Data          32  atan.o(.constdata)
    atanlo                                   0x080062f8   Data          32  atan.o(.constdata)
    aTodd                                    0x08006318   Data          40  atan.o(.constdata)
    aTeven                                   0x08006340   Data          48  atan.o(.constdata)
    .constdata                               0x08006370   Section       48  cos_i.o(.constdata)
    C                                        0x08006370   Data          48  cos_i.o(.constdata)
    .constdata                               0x080063a0   Section        8  qnan.o(.constdata)
    .constdata                               0x080063a8   Section      200  rred.o(.constdata)
    pio2s                                    0x080063a8   Data          48  rred.o(.constdata)
    twooverpi                                0x080063d8   Data         152  rred.o(.constdata)
    .constdata                               0x08006470   Section       40  sin_i.o(.constdata)
    S                                        0x08006470   Data          40  sin_i.o(.constdata)
    .constdata                               0x08006498   Section      129  ctype_o.o(.constdata)
    .constdata                               0x0800651c   Section        4  ctype_o.o(.constdata)
    table                                    0x0800651c   Data           4  ctype_o.o(.constdata)
    .data                                    0x20000000   Section       16  main.o(.data)
    .data                                    0x20000010   Section       12  stm32f1xx_hal.o(.data)
    .data                                    0x2000001c   Section        4  system_stm32f1xx.o(.data)
    .data                                    0x20000020   Section        4  duoji.o(.data)
    .data                                    0x20000024   Section        8  intterupt.o(.data)
    .data                                    0x2000002c   Section        8  lineread.o(.data)
    .data                                    0x20000034   Section        4  stdout.o(.data)
    .data                                    0x20000038   Section        4  errno.o(.data)
    _errno                                   0x20000038   Data           4  errno.o(.data)
    .bss                                     0x2000003c   Section      444  main.o(.bss)
    .bss                                     0x200001f8   Section      360  tim.o(.bss)
    .bss                                     0x20000360   Section      144  usart.o(.bss)
    .bss                                     0x200003f0   Section       20  duoji.o(.bss)
    .bss                                     0x20000404   Section       30  intterupt.o(.bss)
    .bss                                     0x20000424   Section       16  lineread.o(.bss)
    STACK                                    0x20000438   Section     1024  startup_stm32f103xe.o(STACK)

    Global Symbols

    Symbol Name                              Value     Ov Type        Size  Object(Section)

    BuildAttributes$$THM_ISAv4$P$D$K$B$S$PE$A:L22UL41UL21$X:L11$S22US41US21$IEEE1$IW$USESV6$~STKCKD$USESV7$~SHL$OTIME$ROPI$IEEEX$EBA8$MICROLIB$REQ8$PRES8$EABIv2 0x00000000   Number         0  anon$$obj.o ABSOLUTE
    __ARM_use_no_argv                        0x00000000   Number         0  main.o ABSOLUTE
    _printf_a                                0x00000000   Number         0  stubs.o ABSOLUTE
    _printf_c                                0x00000000   Number         0  stubs.o ABSOLUTE
    _printf_charcount                        0x00000000   Number         0  stubs.o ABSOLUTE
    _printf_d                                0x00000000   Number         0  stubs.o ABSOLUTE
    _printf_e                                0x00000000   Number         0  stubs.o ABSOLUTE
    _printf_f                                0x00000000   Number         0  stubs.o ABSOLUTE
    _printf_flags                            0x00000000   Number         0  stubs.o ABSOLUTE
    _printf_fp_dec                           0x00000000   Number         0  stubs.o ABSOLUTE
    _printf_fp_hex                           0x00000000   Number         0  stubs.o ABSOLUTE
    _printf_g                                0x00000000   Number         0  stubs.o ABSOLUTE
    _printf_i                                0x00000000   Number         0  stubs.o ABSOLUTE
    _printf_int_dec                          0x00000000   Number         0  stubs.o ABSOLUTE
    _printf_l                                0x00000000   Number         0  stubs.o ABSOLUTE
    _printf_lc                               0x00000000   Number         0  stubs.o ABSOLUTE
    _printf_ll                               0x00000000   Number         0  stubs.o ABSOLUTE
    _printf_lld                              0x00000000   Number         0  stubs.o ABSOLUTE
    _printf_lli                              0x00000000   Number         0  stubs.o ABSOLUTE
    _printf_llo                              0x00000000   Number         0  stubs.o ABSOLUTE
    _printf_llu                              0x00000000   Number         0  stubs.o ABSOLUTE
    _printf_llx                              0x00000000   Number         0  stubs.o ABSOLUTE
    _printf_longlong_dec                     0x00000000   Number         0  stubs.o ABSOLUTE
    _printf_longlong_hex                     0x00000000   Number         0  stubs.o ABSOLUTE
    _printf_longlong_oct                     0x00000000   Number         0  stubs.o ABSOLUTE
    _printf_ls                               0x00000000   Number         0  stubs.o ABSOLUTE
    _printf_mbtowc                           0x00000000   Number         0  stubs.o ABSOLUTE
    _printf_n                                0x00000000   Number         0  stubs.o ABSOLUTE
    _printf_o                                0x00000000   Number         0  stubs.o ABSOLUTE
    _printf_p                                0x00000000   Number         0  stubs.o ABSOLUTE
    _printf_percent                          0x00000000   Number         0  stubs.o ABSOLUTE
    _printf_pre_padding                      0x00000000   Number         0  stubs.o ABSOLUTE
    _printf_return_value                     0x00000000   Number         0  stubs.o ABSOLUTE
    _printf_s                                0x00000000   Number         0  stubs.o ABSOLUTE
    _printf_sizespec                         0x00000000   Number         0  stubs.o ABSOLUTE
    _printf_str                              0x00000000   Number         0  stubs.o ABSOLUTE
    _printf_truncate_signed                  0x00000000   Number         0  stubs.o ABSOLUTE
    _printf_truncate_unsigned                0x00000000   Number         0  stubs.o ABSOLUTE
    _printf_u                                0x00000000   Number         0  stubs.o ABSOLUTE
    _printf_wc                               0x00000000   Number         0  stubs.o ABSOLUTE
    _printf_wctomb                           0x00000000   Number         0  stubs.o ABSOLUTE
    _printf_widthprec                        0x00000000   Number         0  stubs.o ABSOLUTE
    _printf_x                                0x00000000   Number         0  stubs.o ABSOLUTE
    __cpp_initialize__aeabi_                  - Undefined Weak Reference
    __cxa_finalize                            - Undefined Weak Reference
    __decompress                              - Undefined Weak Reference
    _clock_init                               - Undefined Weak Reference
    _microlib_exit                            - Undefined Weak Reference
    _scanf_int                                - Undefined Weak Reference
    _scanf_longlong                           - Undefined Weak Reference
    __Vectors_Size                           0x00000130   Number         0  startup_stm32f103xe.o ABSOLUTE
    __Vectors                                0x08000000   Data           4  startup_stm32f103xe.o(RESET)
    __Vectors_End                            0x08000130   Data           0  startup_stm32f103xe.o(RESET)
    __main                                   0x08000131   Thumb Code     0  entry.o(.ARM.Collect$$$$00000000)
    _main_stk                                0x08000131   Thumb Code     0  entry2.o(.ARM.Collect$$$$00000001)
    _main_scatterload                        0x08000135   Thumb Code     0  entry5.o(.ARM.Collect$$$$00000004)
    __main_after_scatterload                 0x08000139   Thumb Code     0  entry5.o(.ARM.Collect$$$$00000004)
    _main_clock                              0x08000139   Thumb Code     0  entry7b.o(.ARM.Collect$$$$00000008)
    _main_cpp_init                           0x08000139   Thumb Code     0  entry8b.o(.ARM.Collect$$$$0000000A)
    _main_init                               0x08000139   Thumb Code     0  entry9a.o(.ARM.Collect$$$$0000000B)
    __rt_final_cpp                           0x08000141   Thumb Code     0  entry10a.o(.ARM.Collect$$$$0000000D)
    __rt_final_exit                          0x08000141   Thumb Code     0  entry11a.o(.ARM.Collect$$$$0000000F)
    Reset_Handler                            0x08000145   Thumb Code     8  startup_stm32f103xe.o(.text)
    ADC1_2_IRQHandler                        0x0800015f   Thumb Code     0  startup_stm32f103xe.o(.text)
    ADC3_IRQHandler                          0x0800015f   Thumb Code     0  startup_stm32f103xe.o(.text)
    CAN1_RX1_IRQHandler                      0x0800015f   Thumb Code     0  startup_stm32f103xe.o(.text)
    CAN1_SCE_IRQHandler                      0x0800015f   Thumb Code     0  startup_stm32f103xe.o(.text)
    DMA1_Channel1_IRQHandler                 0x0800015f   Thumb Code     0  startup_stm32f103xe.o(.text)
    DMA1_Channel2_IRQHandler                 0x0800015f   Thumb Code     0  startup_stm32f103xe.o(.text)
    DMA1_Channel3_IRQHandler                 0x0800015f   Thumb Code     0  startup_stm32f103xe.o(.text)
    DMA1_Channel4_IRQHandler                 0x0800015f   Thumb Code     0  startup_stm32f103xe.o(.text)
    DMA1_Channel5_IRQHandler                 0x0800015f   Thumb Code     0  startup_stm32f103xe.o(.text)
    DMA1_Channel6_IRQHandler                 0x0800015f   Thumb Code     0  startup_stm32f103xe.o(.text)
    DMA1_Channel7_IRQHandler                 0x0800015f   Thumb Code     0  startup_stm32f103xe.o(.text)
    DMA2_Channel1_IRQHandler                 0x0800015f   Thumb Code     0  startup_stm32f103xe.o(.text)
    DMA2_Channel2_IRQHandler                 0x0800015f   Thumb Code     0  startup_stm32f103xe.o(.text)
    DMA2_Channel3_IRQHandler                 0x0800015f   Thumb Code     0  startup_stm32f103xe.o(.text)
    DMA2_Channel4_5_IRQHandler               0x0800015f   Thumb Code     0  startup_stm32f103xe.o(.text)
    EXTI15_10_IRQHandler                     0x0800015f   Thumb Code     0  startup_stm32f103xe.o(.text)
    EXTI1_IRQHandler                         0x0800015f   Thumb Code     0  startup_stm32f103xe.o(.text)
    EXTI2_IRQHandler                         0x0800015f   Thumb Code     0  startup_stm32f103xe.o(.text)
    EXTI3_IRQHandler                         0x0800015f   Thumb Code     0  startup_stm32f103xe.o(.text)
    EXTI4_IRQHandler                         0x0800015f   Thumb Code     0  startup_stm32f103xe.o(.text)
    EXTI9_5_IRQHandler                       0x0800015f   Thumb Code     0  startup_stm32f103xe.o(.text)
    FLASH_IRQHandler                         0x0800015f   Thumb Code     0  startup_stm32f103xe.o(.text)
    FSMC_IRQHandler                          0x0800015f   Thumb Code     0  startup_stm32f103xe.o(.text)
    I2C1_ER_IRQHandler                       0x0800015f   Thumb Code     0  startup_stm32f103xe.o(.text)
    I2C1_EV_IRQHandler                       0x0800015f   Thumb Code     0  startup_stm32f103xe.o(.text)
    I2C2_ER_IRQHandler                       0x0800015f   Thumb Code     0  startup_stm32f103xe.o(.text)
    I2C2_EV_IRQHandler                       0x0800015f   Thumb Code     0  startup_stm32f103xe.o(.text)
    PVD_IRQHandler                           0x0800015f   Thumb Code     0  startup_stm32f103xe.o(.text)
    RCC_IRQHandler                           0x0800015f   Thumb Code     0  startup_stm32f103xe.o(.text)
    RTC_Alarm_IRQHandler                     0x0800015f   Thumb Code     0  startup_stm32f103xe.o(.text)
    RTC_IRQHandler                           0x0800015f   Thumb Code     0  startup_stm32f103xe.o(.text)
    SDIO_IRQHandler                          0x0800015f   Thumb Code     0  startup_stm32f103xe.o(.text)
    SPI1_IRQHandler                          0x0800015f   Thumb Code     0  startup_stm32f103xe.o(.text)
    SPI2_IRQHandler                          0x0800015f   Thumb Code     0  startup_stm32f103xe.o(.text)
    SPI3_IRQHandler                          0x0800015f   Thumb Code     0  startup_stm32f103xe.o(.text)
    TAMPER_IRQHandler                        0x0800015f   Thumb Code     0  startup_stm32f103xe.o(.text)
    TIM1_BRK_IRQHandler                      0x0800015f   Thumb Code     0  startup_stm32f103xe.o(.text)
    TIM1_CC_IRQHandler                       0x0800015f   Thumb Code     0  startup_stm32f103xe.o(.text)
    TIM1_TRG_COM_IRQHandler                  0x0800015f   Thumb Code     0  startup_stm32f103xe.o(.text)
    TIM1_UP_IRQHandler                       0x0800015f   Thumb Code     0  startup_stm32f103xe.o(.text)
    TIM2_IRQHandler                          0x0800015f   Thumb Code     0  startup_stm32f103xe.o(.text)
    TIM3_IRQHandler                          0x0800015f   Thumb Code     0  startup_stm32f103xe.o(.text)
    TIM4_IRQHandler                          0x0800015f   Thumb Code     0  startup_stm32f103xe.o(.text)
    TIM5_IRQHandler                          0x0800015f   Thumb Code     0  startup_stm32f103xe.o(.text)
    TIM6_IRQHandler                          0x0800015f   Thumb Code     0  startup_stm32f103xe.o(.text)
    TIM7_IRQHandler                          0x0800015f   Thumb Code     0  startup_stm32f103xe.o(.text)
    TIM8_BRK_IRQHandler                      0x0800015f   Thumb Code     0  startup_stm32f103xe.o(.text)
    TIM8_CC_IRQHandler                       0x0800015f   Thumb Code     0  startup_stm32f103xe.o(.text)
    TIM8_TRG_COM_IRQHandler                  0x0800015f   Thumb Code     0  startup_stm32f103xe.o(.text)
    TIM8_UP_IRQHandler                       0x0800015f   Thumb Code     0  startup_stm32f103xe.o(.text)
    UART4_IRQHandler                         0x0800015f   Thumb Code     0  startup_stm32f103xe.o(.text)
    UART5_IRQHandler                         0x0800015f   Thumb Code     0  startup_stm32f103xe.o(.text)
    USART2_IRQHandler                        0x0800015f   Thumb Code     0  startup_stm32f103xe.o(.text)
    USBWakeUp_IRQHandler                     0x0800015f   Thumb Code     0  startup_stm32f103xe.o(.text)
    USB_HP_CAN1_TX_IRQHandler                0x0800015f   Thumb Code     0  startup_stm32f103xe.o(.text)
    USB_LP_CAN1_RX0_IRQHandler               0x0800015f   Thumb Code     0  startup_stm32f103xe.o(.text)
    WWDG_IRQHandler                          0x0800015f   Thumb Code     0  startup_stm32f103xe.o(.text)
    __aeabi_llsr                             0x08000169   Thumb Code    32  llushr.o(.text)
    _ll_ushift_r                             0x08000169   Thumb Code     0  llushr.o(.text)
    __aeabi_memset                           0x08000189   Thumb Code    14  memseta.o(.text)
    __aeabi_memset4                          0x08000189   Thumb Code     0  memseta.o(.text)
    __aeabi_memset8                          0x08000189   Thumb Code     0  memseta.o(.text)
    __aeabi_memclr                           0x08000197   Thumb Code     4  memseta.o(.text)
    __aeabi_memclr4                          0x08000197   Thumb Code     0  memseta.o(.text)
    __aeabi_memclr8                          0x08000197   Thumb Code     0  memseta.o(.text)
    _memset$wrapper                          0x0800019b   Thumb Code    18  memseta.o(.text)
    strlen                                   0x080001ad   Thumb Code    14  strlen.o(.text)
    __0sscanf                                0x080001bd   Thumb Code    48  __0sscanf.o(.text)
    _scanf_string                            0x080001f5   Thumb Code   224  _scanf_str.o(.text)
    strtol                                   0x080002d5   Thumb Code   112  strtol.o(.text)
    atoi                                     0x08000345   Thumb Code    26  atoi.o(.text)
    __aeabi_fadd                             0x0800035f   Thumb Code   164  fadd.o(.text)
    __aeabi_fsub                             0x08000403   Thumb Code     6  fadd.o(.text)
    __aeabi_frsub                            0x08000409   Thumb Code     6  fadd.o(.text)
    __aeabi_fmul                             0x0800040f   Thumb Code   100  fmul.o(.text)
    __aeabi_dadd                             0x08000473   Thumb Code   322  dadd.o(.text)
    __aeabi_dsub                             0x080005b5   Thumb Code     6  dadd.o(.text)
    __aeabi_drsub                            0x080005bb   Thumb Code     6  dadd.o(.text)
    __aeabi_dmul                             0x080005c1   Thumb Code   228  dmul.o(.text)
    __aeabi_ddiv                             0x080006a5   Thumb Code   222  ddiv.o(.text)
    __ARM_scalbn                             0x08000783   Thumb Code    46  dscalb.o(.text)
    scalbn                                   0x08000783   Thumb Code     0  dscalb.o(.text)
    __aeabi_i2f                              0x080007b1   Thumb Code    18  fflti.o(.text)
    __aeabi_i2d                              0x080007c3   Thumb Code    34  dflti.o(.text)
    __aeabi_ui2d                             0x080007e5   Thumb Code    26  dfltui.o(.text)
    __aeabi_f2iz                             0x080007ff   Thumb Code    50  ffixi.o(.text)
    __aeabi_d2iz                             0x08000831   Thumb Code    62  dfixi.o(.text)
    __aeabi_d2uiz                            0x0800086f   Thumb Code    50  dfixui.o(.text)
    __aeabi_f2d                              0x080008a1   Thumb Code    38  f2d.o(.text)
    __aeabi_cdrcmple                         0x080008c9   Thumb Code    48  cdrcmple.o(.text)
    __aeabi_d2f                              0x080008f9   Thumb Code    56  d2f.o(.text)
    __aeabi_uidiv                            0x08000931   Thumb Code     0  uidiv.o(.text)
    __aeabi_uidivmod                         0x08000931   Thumb Code    44  uidiv.o(.text)
    __aeabi_uldivmod                         0x0800095d   Thumb Code    98  uldiv.o(.text)
    __aeabi_llsl                             0x080009bf   Thumb Code    30  llshl.o(.text)
    _ll_shift_l                              0x080009bf   Thumb Code     0  llshl.o(.text)
    __aeabi_lasr                             0x080009dd   Thumb Code    36  llsshr.o(.text)
    _ll_sshift_r                             0x080009dd   Thumb Code     0  llsshr.o(.text)
    __rt_ctype_table                         0x08000a01   Thumb Code     4  ctype_o.o(.text)
    isspace                                  0x08000a09   Thumb Code    18  isspace_o.o(.text)
    __vfscanf_char                           0x08000a29   Thumb Code    20  scanf_char.o(.text)
    _sgetc                                   0x08000a45   Thumb Code    30  _sgetc.o(.text)
    _sbackspace                              0x08000a63   Thumb Code    34  _sgetc.o(.text)
    _strtoul                                 0x08000a85   Thumb Code   158  _strtoul.o(.text)
    __strtod_int                             0x08000b5b   Thumb Code    90  strtod.o(.text)
    __I$use$fp                               0x08000bc1   Thumb Code     0  iusefp.o(.text)
    _float_round                             0x08000bc1   Thumb Code    18  fepilogue.o(.text)
    _float_epilogue                          0x08000bd3   Thumb Code    92  fepilogue.o(.text)
    _double_round                            0x08000c2f   Thumb Code    30  depilogue.o(.text)
    _double_epilogue                         0x08000c4d   Thumb Code   156  depilogue.o(.text)
    _dsqrt                                   0x08000ce9   Thumb Code   162  dsqrt.o(.text)
    __aeabi_d2ulz                            0x08000d8b   Thumb Code    48  dfixul.o(.text)
    __scatterload                            0x08000dbd   Thumb Code    28  init.o(.text)
    __scatterload_rt2                        0x08000dbd   Thumb Code     0  init.o(.text)
    _chval                                   0x08000de1   Thumb Code    28  _chval.o(.text)
    __vfscanf                                0x08000dfd   Thumb Code   808  _scanf.o(.text)
    _scanf_real                              0x08001229   Thumb Code     0  scanf_fp.o(.text)
    _scanf_really_real                       0x08001229   Thumb Code   556  scanf_fp.o(.text)
    __aeabi_ul2d                             0x08001461   Thumb Code    24  dfltul.o(.text)
    Axis_angle                               0x08001479   Thumb Code   208  duoji.o(i.Axis_angle)
    BusFault_Handler                         0x0800157d   Thumb Code     2  stm32f1xx_it.o(i.BusFault_Handler)
    DebugMon_Handler                         0x0800157f   Thumb Code     2  stm32f1xx_it.o(i.DebugMon_Handler)
    EXTI0_IRQHandler                         0x08001581   Thumb Code     6  stm32f1xx_it.o(i.EXTI0_IRQHandler)
    Error_Handler                            0x08001587   Thumb Code     4  main.o(i.Error_Handler)
    HAL_DMA_Abort                            0x0800158b   Thumb Code    70  stm32f1xx_hal_dma.o(i.HAL_DMA_Abort)
    HAL_DMA_Abort_IT                         0x080015d1   Thumb Code   296  stm32f1xx_hal_dma.o(i.HAL_DMA_Abort_IT)
    HAL_Delay                                0x08001701   Thumb Code    32  stm32f1xx_hal.o(i.HAL_Delay)
    HAL_GPIO_EXTI_Callback                   0x08001725   Thumb Code    22  intterupt.o(i.HAL_GPIO_EXTI_Callback)
    HAL_GPIO_EXTI_IRQHandler                 0x0800174d   Thumb Code    18  stm32f1xx_hal_gpio.o(i.HAL_GPIO_EXTI_IRQHandler)
    HAL_GPIO_Init                            0x08001765   Thumb Code   462  stm32f1xx_hal_gpio.o(i.HAL_GPIO_Init)
    HAL_GPIO_ReadPin                         0x0800195d   Thumb Code    10  stm32f1xx_hal_gpio.o(i.HAL_GPIO_ReadPin)
    HAL_GPIO_WritePin                        0x08001967   Thumb Code    10  stm32f1xx_hal_gpio.o(i.HAL_GPIO_WritePin)
    HAL_GetTick                              0x08001971   Thumb Code     6  stm32f1xx_hal.o(i.HAL_GetTick)
    HAL_IncTick                              0x0800197d   Thumb Code    12  stm32f1xx_hal.o(i.HAL_IncTick)
    HAL_Init                                 0x0800198d   Thumb Code    32  stm32f1xx_hal.o(i.HAL_Init)
    HAL_InitTick                             0x080019b1   Thumb Code    54  stm32f1xx_hal.o(i.HAL_InitTick)
    HAL_MspInit                              0x080019f1   Thumb Code    58  stm32f1xx_hal_msp.o(i.HAL_MspInit)
    HAL_NVIC_EnableIRQ                       0x08001a35   Thumb Code    26  stm32f1xx_hal_cortex.o(i.HAL_NVIC_EnableIRQ)
    HAL_NVIC_SetPriority                     0x08001a51   Thumb Code    60  stm32f1xx_hal_cortex.o(i.HAL_NVIC_SetPriority)
    HAL_NVIC_SetPriorityGrouping             0x08001a91   Thumb Code    26  stm32f1xx_hal_cortex.o(i.HAL_NVIC_SetPriorityGrouping)
    HAL_RCC_ClockConfig                      0x08001ab5   Thumb Code   280  stm32f1xx_hal_rcc.o(i.HAL_RCC_ClockConfig)
    HAL_RCC_GetPCLK1Freq                     0x08001be1   Thumb Code    20  stm32f1xx_hal_rcc.o(i.HAL_RCC_GetPCLK1Freq)
    HAL_RCC_GetPCLK2Freq                     0x08001c01   Thumb Code    20  stm32f1xx_hal_rcc.o(i.HAL_RCC_GetPCLK2Freq)
    HAL_RCC_GetSysClockFreq                  0x08001c21   Thumb Code    58  stm32f1xx_hal_rcc.o(i.HAL_RCC_GetSysClockFreq)
    HAL_RCC_OscConfig                        0x08001c6d   Thumb Code   778  stm32f1xx_hal_rcc.o(i.HAL_RCC_OscConfig)
    HAL_SYSTICK_Config                       0x08001f8d   Thumb Code    40  stm32f1xx_hal_cortex.o(i.HAL_SYSTICK_Config)
    HAL_TIMEx_ConfigBreakDeadTime            0x08001fb5   Thumb Code    84  stm32f1xx_hal_tim_ex.o(i.HAL_TIMEx_ConfigBreakDeadTime)
    HAL_TIMEx_MasterConfigSynchronization    0x08002009   Thumb Code   104  stm32f1xx_hal_tim_ex.o(i.HAL_TIMEx_MasterConfigSynchronization)
    HAL_TIM_MspPostInit                      0x08002085   Thumb Code   276  tim.o(i.HAL_TIM_MspPostInit)
    HAL_TIM_PWM_ConfigChannel                0x080021c5   Thumb Code   204  stm32f1xx_hal_tim.o(i.HAL_TIM_PWM_ConfigChannel)
    HAL_TIM_PWM_Init                         0x08002291   Thumb Code    90  stm32f1xx_hal_tim.o(i.HAL_TIM_PWM_Init)
    HAL_TIM_PWM_MspInit                      0x080022ed   Thumb Code   118  tim.o(i.HAL_TIM_PWM_MspInit)
    HAL_TIM_PWM_Start                        0x08002379   Thumb Code   160  stm32f1xx_hal_tim.o(i.HAL_TIM_PWM_Start)
    HAL_TIM_PWM_Stop                         0x0800242d   Thumb Code   114  stm32f1xx_hal_tim.o(i.HAL_TIM_PWM_Stop)
    HAL_UARTEx_RxEventCallback               0x080024a9   Thumb Code     2  stm32f1xx_hal_uart.o(i.HAL_UARTEx_RxEventCallback)
    HAL_UART_ErrorCallback                   0x080024ab   Thumb Code     2  stm32f1xx_hal_uart.o(i.HAL_UART_ErrorCallback)
    HAL_UART_IRQHandler                      0x080024ad   Thumb Code   616  stm32f1xx_hal_uart.o(i.HAL_UART_IRQHandler)
    HAL_UART_Init                            0x08002719   Thumb Code   100  stm32f1xx_hal_uart.o(i.HAL_UART_Init)
    HAL_UART_MspInit                         0x0800277d   Thumb Code   216  usart.o(i.HAL_UART_MspInit)
    HAL_UART_Receive_IT                      0x0800286d   Thumb Code    28  stm32f1xx_hal_uart.o(i.HAL_UART_Receive_IT)
    HAL_UART_RxCpltCallback                  0x08002889   Thumb Code    50  intterupt.o(i.HAL_UART_RxCpltCallback)
    HAL_UART_Transmit                        0x080028d1   Thumb Code   154  stm32f1xx_hal_uart.o(i.HAL_UART_Transmit)
    HAL_UART_TxCpltCallback                  0x0800296b   Thumb Code     2  stm32f1xx_hal_uart.o(i.HAL_UART_TxCpltCallback)
    HardFault_Handler                        0x0800296d   Thumb Code     2  stm32f1xx_it.o(i.HardFault_Handler)
    Left_set                                 0x08002971   Thumb Code   192  dianji.o(i.Left_set)
    MX_GPIO_Init                             0x08002a41   Thumb Code   236  gpio.o(i.MX_GPIO_Init)
    MX_TIM1_Init                             0x08002b45   Thumb Code   172  tim.o(i.MX_TIM1_Init)
    MX_TIM2_Init                             0x08002bf9   Thumb Code   110  tim.o(i.MX_TIM2_Init)
    MX_TIM3_Init                             0x08002c6d   Thumb Code   124  tim.o(i.MX_TIM3_Init)
    MX_TIM4_Init                             0x08002cf1   Thumb Code   122  tim.o(i.MX_TIM4_Init)
    MX_TIM8_Init                             0x08002d75   Thumb Code   170  tim.o(i.MX_TIM8_Init)
    MX_USART1_UART_Init                      0x08002e29   Thumb Code    48  usart.o(i.MX_USART1_UART_Init)
    MX_USART3_UART_Init                      0x08002e61   Thumb Code    48  usart.o(i.MX_USART3_UART_Init)
    MemManage_Handler                        0x08002e99   Thumb Code     2  stm32f1xx_it.o(i.MemManage_Handler)
    NMI_Handler                              0x08002e9b   Thumb Code     2  stm32f1xx_it.o(i.NMI_Handler)
    PendSV_Handler                           0x08002e9d   Thumb Code     2  stm32f1xx_it.o(i.PendSV_Handler)
    Right_set                                0x08002ea1   Thumb Code   194  dianji.o(i.Right_set)
    SVC_Handler                              0x08002f75   Thumb Code     2  stm32f1xx_it.o(i.SVC_Handler)
    Stop                                     0x08002f79   Thumb Code    90  dianji.o(i.Stop)
    SysTick_Handler                          0x08002fdd   Thumb Code     4  stm32f1xx_it.o(i.SysTick_Handler)
    SystemClock_Config                       0x08002fe1   Thumb Code    94  main.o(i.SystemClock_Config)
    SystemInit                               0x0800303f   Thumb Code     2  system_stm32f1xx.o(i.SystemInit)
    TIM_Base_SetConfig                       0x08003041   Thumb Code   120  stm32f1xx_hal_tim.o(i.TIM_Base_SetConfig)
    TIM_CCxChannelCmd                        0x080030cd   Thumb Code    26  stm32f1xx_hal_tim.o(i.TIM_CCxChannelCmd)
    TIM_OC2_SetConfig                        0x08003149   Thumb Code    98  stm32f1xx_hal_tim.o(i.TIM_OC2_SetConfig)
    UART_Start_Receive_IT                    0x08003445   Thumb Code    54  stm32f1xx_hal_uart.o(i.UART_Start_Receive_IT)
    USART1_IRQHandler                        0x080034f5   Thumb Code     6  stm32f1xx_it.o(i.USART1_IRQHandler)
    USART3_IRQHandler                        0x08003501   Thumb Code     6  stm32f1xx_it.o(i.USART3_IRQHandler)
    UsageFault_Handler                       0x0800350d   Thumb Code     2  stm32f1xx_it.o(i.UsageFault_Handler)
    __0printf                                0x08003511   Thumb Code    22  printfa.o(i.__0printf)
    __1printf                                0x08003511   Thumb Code     0  printfa.o(i.__0printf)
    __2printf                                0x08003511   Thumb Code     0  printfa.o(i.__0printf)
    __c89printf                              0x08003511   Thumb Code     0  printfa.o(i.__0printf)
    printf                                   0x08003511   Thumb Code     0  printfa.o(i.__0printf)
    __0sprintf                               0x08003531   Thumb Code    34  printfa.o(i.__0sprintf)
    __1sprintf                               0x08003531   Thumb Code     0  printfa.o(i.__0sprintf)
    __2sprintf                               0x08003531   Thumb Code     0  printfa.o(i.__0sprintf)
    __c89sprintf                             0x08003531   Thumb Code     0  printfa.o(i.__0sprintf)
    sprintf                                  0x08003531   Thumb Code     0  printfa.o(i.__0sprintf)
    __ARM_fpclassify                         0x08003559   Thumb Code    40  fpclassify.o(i.__ARM_fpclassify)
    __aeabi_errno_addr                       0x080035a1   Thumb Code     4  errno.o(i.__aeabi_errno_addr)
    __rt_errno_addr                          0x080035a1   Thumb Code     0  errno.o(i.__aeabi_errno_addr)
    __ieee754_rem_pio2                       0x080035a9   Thumb Code   828  rred.o(i.__ieee754_rem_pio2)
    __kernel_cos                             0x08003931   Thumb Code   230  cos_i.o(i.__kernel_cos)
    __kernel_poly                            0x08003a2d   Thumb Code   170  poly.o(i.__kernel_poly)
    __kernel_sin                             0x08003ad9   Thumb Code   224  sin_i.o(i.__kernel_sin)
    __mathlib_dbl_infnan                     0x08003bc5   Thumb Code     6  dunder.o(i.__mathlib_dbl_infnan)
    __mathlib_dbl_infnan2                    0x08003bcb   Thumb Code     4  dunder.o(i.__mathlib_dbl_infnan2)
    __mathlib_dbl_invalid                    0x08003bcf   Thumb Code    12  dunder.o(i.__mathlib_dbl_invalid)
    __mathlib_dbl_underflow                  0x08003bdd   Thumb Code    10  dunder.o(i.__mathlib_dbl_underflow)
    __read_errno                             0x08003bed   Thumb Code     6  errno.o(i.__read_errno)
    __scatterload_copy                       0x08003bf9   Thumb Code    14  handlers.o(i.__scatterload_copy)
    __scatterload_null                       0x08003c07   Thumb Code     2  handlers.o(i.__scatterload_null)
    __scatterload_zeroinit                   0x08003c09   Thumb Code    14  handlers.o(i.__scatterload_zeroinit)
    __set_errno                              0x08003c19   Thumb Code     6  errno.o(i.__set_errno)
    _is_digit                                0x08003da9   Thumb Code    14  scanf_fp.o(i._is_digit)
    _run                                     0x080044e9   Thumb Code   160  lineread.o(i._run)
    acos                                     0x080045a5   Thumb Code   574  acos.o(i.acos)
    arm_control                              0x08004821   Thumb Code   338  duoji.o(i.arm_control)
    arm_init                                 0x08004981   Thumb Code   116  duoji.o(i.arm_init)
    asin                                     0x08004a01   Thumb Code   572  asin.o(i.asin)
    atan                                     0x08004c71   Thumb Code   474  atan.o(i.atan)
    atan2                                    0x08004e91   Thumb Code   346  atan2.o(i.atan2)
    atof                                     0x08005011   Thumb Code    42  atof.o(i.atof)
    back                                     0x0800503d   Thumb Code   114  dianji.o(i.back)
    cos                                      0x080050c1   Thumb Code   148  cos.o(i.cos)
    duoji_pwmstart                           0x0800515d   Thumb Code    46  duoji.o(i.duoji_pwmstart)
    duoji_pwmstop                            0x08005199   Thumb Code    46  duoji.o(i.duoji_pwmstop)
    extremity_set                            0x080051d5   Thumb Code    42  duoji.o(i.extremity_set)
    find_mid_mode                            0x08005205   Thumb Code    20  lineread.o(i.find_mid_mode)
    fputc                                    0x08005219   Thumb Code    20  usart.o(i.fputc)
    glab_place_mode                          0x08005231   Thumb Code    90  duoji.o(i.glab_place_mode)
    go                                       0x08005291   Thumb Code   114  dianji.o(i.go)
    main                                     0x08005315   Thumb Code   562  main.o(i.main)
    motor_pid                                0x08005639   Thumb Code    84  lineread.o(i.motor_pid)
    motor_run                                0x08005695   Thumb Code    48  lineread.o(i.motor_run)
    move_axie0                               0x080056c9   Thumb Code   102  duoji.o(i.move_axie0)
    move_x                                   0x08005735   Thumb Code   188  duoji.o(i.move_x)
    move_x_mode                              0x080057f9   Thumb Code    58  duoji.o(i.move_x_mode)
    move_y                                   0x08005841   Thumb Code   208  duoji.o(i.move_y)
    move_z                                   0x08005919   Thumb Code   188  duoji.o(i.move_z)
    print                                    0x080059dd   Thumb Code    18  main.o(i.print)
    pro_ni                                   0x080059fd   Thumb Code   544  duoji.o(i.pro_ni)
    rx_proc                                  0x08005c4d   Thumb Code   590  main.o(i.rx_proc)
    sin                                      0x08005f61   Thumb Code   150  sin.o(i.sin)
    sj_read                                  0x08006001   Thumb Code   192  lineread.o(i.sj_read)
    sqrt                                     0x080060f9   Thumb Code    76  sqrt.o(i.sqrt)
    str_hex                                  0x08006145   Thumb Code    30  main.o(i.str_hex)
    wait_mode                                0x08006171   Thumb Code    50  duoji.o(i.wait_mode)
    world_move                               0x080061a9   Thumb Code    86  duoji.o(i.world_move)
    AHBPrescTable                            0x0800621a   Data          16  system_stm32f1xx.o(.constdata)
    APBPrescTable                            0x0800622a   Data           8  system_stm32f1xx.o(.constdata)
    __mathlib_zero                           0x080063a0   Data           8  qnan.o(.constdata)
    __ctype_table                            0x08006498   Data         129  ctype_o.o(.constdata)
    Region$$Table$$Base                      0x08006520   Number         0  anon$$obj.o(Region$$Table)
    Region$$Table$$Limit                     0x08006540   Number         0  anon$$obj.o(Region$$Table)
    flag                                     0x20000000   Data           4  main.o(.data)
    distance                                 0x20000004   Data           4  main.o(.data)
    uart3_flag                               0x20000008   Data           4  main.o(.data)
    egg_dif                                  0x2000000c   Data           4  main.o(.data)
    uwTickFreq                               0x20000010   Data           1  stm32f1xx_hal.o(.data)
    uwTickPrio                               0x20000014   Data           4  stm32f1xx_hal.o(.data)
    uwTick                                   0x20000018   Data           4  stm32f1xx_hal.o(.data)
    SystemCoreClock                          0x2000001c   Data           4  system_stm32f1xx.o(.data)
    x                                        0x20000020   Data           4  duoji.o(.data)
    data                                     0x20000024   Data           1  intterupt.o(.data)
    pointer                                  0x20000028   Data           4  intterupt.o(.data)
    err                                      0x2000002c   Data           4  lineread.o(.data)
    last_err                                 0x20000030   Data           4  lineread.o(.data)
    __stdout                                 0x20000034   Data           4  stdout.o(.data)
    axie                                     0x2000003c   Data          20  main.o(.bss)
    t                                        0x20000050   Data         112  main.o(.bss)
    rx_axis                                  0x200000c0   Data         312  main.o(.bss)
    htim1                                    0x200001f8   Data          72  tim.o(.bss)
    htim2                                    0x20000240   Data          72  tim.o(.bss)
    htim3                                    0x20000288   Data          72  tim.o(.bss)
    htim4                                    0x200002d0   Data          72  tim.o(.bss)
    htim8                                    0x20000318   Data          72  tim.o(.bss)
    huart1                                   0x20000360   Data          72  usart.o(.bss)
    huart3                                   0x200003a8   Data          72  usart.o(.bss)
    axie_copy                                0x200003f0   Data          20  duoji.o(.bss)
    rxdata                                   0x20000404   Data          30  intterupt.o(.bss)
    sj                                       0x20000424   Data          16  lineread.o(.bss)
    __initial_sp                             0x20000838   Data           0  startup_stm32f103xe.o(STACK)



==============================================================================

Memory Map of the image

  Image Entry point : 0x08000131

  Load Region LR_IROM1 (Base: 0x08000000, Size: 0x0000657c, Max: 0x00080000, ABSOLUTE)

    Execution Region ER_IROM1 (Base: 0x08000000, Size: 0x00006540, Max: 0x00080000, ABSOLUTE)

    Base Addr    Size         Type   Attr      Idx    E Section Name        Object

    0x08000000   0x00000130   Data   RO            3    RESET               startup_stm32f103xe.o
    0x08000130   0x00000000   Code   RO         3344  * .ARM.Collect$$$$00000000  mc_w.l(entry.o)
    0x08000130   0x00000004   Code   RO         3691    .ARM.Collect$$$$00000001  mc_w.l(entry2.o)
    0x08000134   0x00000004   Code   RO         3694    .ARM.Collect$$$$00000004  mc_w.l(entry5.o)
    0x08000138   0x00000000   Code   RO         3696    .ARM.Collect$$$$00000008  mc_w.l(entry7b.o)
    0x08000138   0x00000000   Code   RO         3698    .ARM.Collect$$$$0000000A  mc_w.l(entry8b.o)
    0x08000138   0x00000008   Code   RO         3699    .ARM.Collect$$$$0000000B  mc_w.l(entry9a.o)
    0x08000140   0x00000000   Code   RO         3701    .ARM.Collect$$$$0000000D  mc_w.l(entry10a.o)
    0x08000140   0x00000000   Code   RO         3703    .ARM.Collect$$$$0000000F  mc_w.l(entry11a.o)
    0x08000140   0x00000004   Code   RO         3692    .ARM.Collect$$$$00002712  mc_w.l(entry2.o)
    0x08000144   0x00000024   Code   RO            4    .text               startup_stm32f103xe.o
    0x08000168   0x00000020   Code   RO         3347    .text               mc_w.l(llushr.o)
    0x08000188   0x00000024   Code   RO         3351    .text               mc_w.l(memseta.o)
    0x080001ac   0x0000000e   Code   RO         3353    .text               mc_w.l(strlen.o)
    0x080001ba   0x00000002   PAD
    0x080001bc   0x00000038   Code   RO         3618    .text               mc_w.l(__0sscanf.o)
    0x080001f4   0x000000e0   Code   RO         3620    .text               mc_w.l(_scanf_str.o)
    0x080002d4   0x00000070   Code   RO         3622    .text               mc_w.l(strtol.o)
    0x08000344   0x0000001a   Code   RO         3624    .text               mc_w.l(atoi.o)
    0x0800035e   0x000000b0   Code   RO         3626    .text               mf_w.l(fadd.o)
    0x0800040e   0x00000064   Code   RO         3628    .text               mf_w.l(fmul.o)
    0x08000472   0x0000014e   Code   RO         3630    .text               mf_w.l(dadd.o)
    0x080005c0   0x000000e4   Code   RO         3632    .text               mf_w.l(dmul.o)
    0x080006a4   0x000000de   Code   RO         3634    .text               mf_w.l(ddiv.o)
    0x08000782   0x0000002e   Code   RO         3636    .text               mf_w.l(dscalb.o)
    0x080007b0   0x00000012   Code   RO         3638    .text               mf_w.l(fflti.o)
    0x080007c2   0x00000022   Code   RO         3640    .text               mf_w.l(dflti.o)
    0x080007e4   0x0000001a   Code   RO         3642    .text               mf_w.l(dfltui.o)
    0x080007fe   0x00000032   Code   RO         3644    .text               mf_w.l(ffixi.o)
    0x08000830   0x0000003e   Code   RO         3646    .text               mf_w.l(dfixi.o)
    0x0800086e   0x00000032   Code   RO         3648    .text               mf_w.l(dfixui.o)
    0x080008a0   0x00000026   Code   RO         3650    .text               mf_w.l(f2d.o)
    0x080008c6   0x00000002   PAD
    0x080008c8   0x00000030   Code   RO         3654    .text               mf_w.l(cdrcmple.o)
    0x080008f8   0x00000038   Code   RO         3656    .text               mf_w.l(d2f.o)
    0x08000930   0x0000002c   Code   RO         3706    .text               mc_w.l(uidiv.o)
    0x0800095c   0x00000062   Code   RO         3708    .text               mc_w.l(uldiv.o)
    0x080009be   0x0000001e   Code   RO         3710    .text               mc_w.l(llshl.o)
    0x080009dc   0x00000024   Code   RO         3712    .text               mc_w.l(llsshr.o)
    0x08000a00   0x00000008   Code   RO         3714    .text               mc_w.l(ctype_o.o)
    0x08000a08   0x00000012   Code   RO         3736    .text               mc_w.l(isspace_o.o)
    0x08000a1a   0x00000002   PAD
    0x08000a1c   0x00000028   Code   RO         3749    .text               mc_w.l(scanf_char.o)
    0x08000a44   0x00000040   Code   RO         3751    .text               mc_w.l(_sgetc.o)
    0x08000a84   0x0000009e   Code   RO         3753    .text               mc_w.l(_strtoul.o)
    0x08000b22   0x00000002   PAD
    0x08000b24   0x0000009c   Code   RO         3755    .text               mc_w.l(strtod.o)
    0x08000bc0   0x00000000   Code   RO         3757    .text               mc_w.l(iusefp.o)
    0x08000bc0   0x0000006e   Code   RO         3758    .text               mf_w.l(fepilogue.o)
    0x08000c2e   0x000000ba   Code   RO         3760    .text               mf_w.l(depilogue.o)
    0x08000ce8   0x000000a2   Code   RO         3762    .text               mf_w.l(dsqrt.o)
    0x08000d8a   0x00000030   Code   RO         3764    .text               mf_w.l(dfixul.o)
    0x08000dba   0x00000002   PAD
    0x08000dbc   0x00000024   Code   RO         3766    .text               mc_w.l(init.o)
    0x08000de0   0x0000001c   Code   RO         3770    .text               mc_w.l(_chval.o)
    0x08000dfc   0x0000032c   Code   RO         3772    .text               mc_w.l(_scanf.o)
    0x08001128   0x00000338   Code   RO         3774    .text               mc_w.l(scanf_fp.o)
    0x08001460   0x00000018   Code   RO         3781    .text               mf_w.l(dfltul.o)
    0x08001478   0x00000104   Code   RO         2857    i.Axis_angle        duoji.o
    0x0800157c   0x00000002   Code   RO          352    i.BusFault_Handler  stm32f1xx_it.o
    0x0800157e   0x00000002   Code   RO          353    i.DebugMon_Handler  stm32f1xx_it.o
    0x08001580   0x00000006   Code   RO          354    i.EXTI0_IRQHandler  stm32f1xx_it.o
    0x08001586   0x00000004   Code   RO           13    i.Error_Handler     main.o
    0x0800158a   0x00000046   Code   RO         1860    i.HAL_DMA_Abort     stm32f1xx_hal_dma.o
    0x080015d0   0x00000130   Code   RO         1861    i.HAL_DMA_Abort_IT  stm32f1xx_hal_dma.o
    0x08001700   0x00000024   Code   RO         1486    i.HAL_Delay         stm32f1xx_hal.o
    0x08001724   0x00000028   Code   RO         2977    i.HAL_GPIO_EXTI_Callback  intterupt.o
    0x0800174c   0x00000018   Code   RO         1795    i.HAL_GPIO_EXTI_IRQHandler  stm32f1xx_hal_gpio.o
    0x08001764   0x000001f8   Code   RO         1796    i.HAL_GPIO_Init     stm32f1xx_hal_gpio.o
    0x0800195c   0x0000000a   Code   RO         1798    i.HAL_GPIO_ReadPin  stm32f1xx_hal_gpio.o
    0x08001966   0x0000000a   Code   RO         1800    i.HAL_GPIO_WritePin  stm32f1xx_hal_gpio.o
    0x08001970   0x0000000c   Code   RO         1490    i.HAL_GetTick       stm32f1xx_hal.o
    0x0800197c   0x00000010   Code   RO         1496    i.HAL_IncTick       stm32f1xx_hal.o
    0x0800198c   0x00000024   Code   RO         1497    i.HAL_Init          stm32f1xx_hal.o
    0x080019b0   0x00000040   Code   RO         1498    i.HAL_InitTick      stm32f1xx_hal.o
    0x080019f0   0x00000044   Code   RO          446    i.HAL_MspInit       stm32f1xx_hal_msp.o
    0x08001a34   0x0000001a   Code   RO         1956    i.HAL_NVIC_EnableIRQ  stm32f1xx_hal_cortex.o
    0x08001a4e   0x00000002   PAD
    0x08001a50   0x00000040   Code   RO         1962    i.HAL_NVIC_SetPriority  stm32f1xx_hal_cortex.o
    0x08001a90   0x00000024   Code   RO         1963    i.HAL_NVIC_SetPriorityGrouping  stm32f1xx_hal_cortex.o
    0x08001ab4   0x0000012c   Code   RO         1654    i.HAL_RCC_ClockConfig  stm32f1xx_hal_rcc.o
    0x08001be0   0x00000020   Code   RO         1661    i.HAL_RCC_GetPCLK1Freq  stm32f1xx_hal_rcc.o
    0x08001c00   0x00000020   Code   RO         1662    i.HAL_RCC_GetPCLK2Freq  stm32f1xx_hal_rcc.o
    0x08001c20   0x0000004c   Code   RO         1663    i.HAL_RCC_GetSysClockFreq  stm32f1xx_hal_rcc.o
    0x08001c6c   0x00000320   Code   RO         1666    i.HAL_RCC_OscConfig  stm32f1xx_hal_rcc.o
    0x08001f8c   0x00000028   Code   RO         1967    i.HAL_SYSTICK_Config  stm32f1xx_hal_cortex.o
    0x08001fb4   0x00000054   Code   RO         1215    i.HAL_TIMEx_ConfigBreakDeadTime  stm32f1xx_hal_tim_ex.o
    0x08002008   0x0000007c   Code   RO         1231    i.HAL_TIMEx_MasterConfigSynchronization  stm32f1xx_hal_tim_ex.o
    0x08002084   0x00000140   Code   RO          214    i.HAL_TIM_MspPostInit  tim.o
    0x080021c4   0x000000cc   Code   RO          580    i.HAL_TIM_PWM_ConfigChannel  stm32f1xx_hal_tim.o
    0x08002290   0x0000005a   Code   RO          583    i.HAL_TIM_PWM_Init  stm32f1xx_hal_tim.o
    0x080022ea   0x00000002   PAD
    0x080022ec   0x0000008c   Code   RO          216    i.HAL_TIM_PWM_MspInit  tim.o
    0x08002378   0x000000b4   Code   RO          588    i.HAL_TIM_PWM_Start  stm32f1xx_hal_tim.o
    0x0800242c   0x0000007c   Code   RO          591    i.HAL_TIM_PWM_Stop  stm32f1xx_hal_tim.o
    0x080024a8   0x00000002   Code   RO         2468    i.HAL_UARTEx_RxEventCallback  stm32f1xx_hal_uart.o
    0x080024aa   0x00000002   Code   RO         2482    i.HAL_UART_ErrorCallback  stm32f1xx_hal_uart.o
    0x080024ac   0x0000026c   Code   RO         2485    i.HAL_UART_IRQHandler  stm32f1xx_hal_uart.o
    0x08002718   0x00000064   Code   RO         2486    i.HAL_UART_Init     stm32f1xx_hal_uart.o
    0x0800277c   0x000000f0   Code   RO          293    i.HAL_UART_MspInit  usart.o
    0x0800286c   0x0000001c   Code   RO         2491    i.HAL_UART_Receive_IT  stm32f1xx_hal_uart.o
    0x08002888   0x00000048   Code   RO         2978    i.HAL_UART_RxCpltCallback  intterupt.o
    0x080028d0   0x0000009a   Code   RO         2494    i.HAL_UART_Transmit  stm32f1xx_hal_uart.o
    0x0800296a   0x00000002   Code   RO         2497    i.HAL_UART_TxCpltCallback  stm32f1xx_hal_uart.o
    0x0800296c   0x00000002   Code   RO          355    i.HardFault_Handler  stm32f1xx_it.o
    0x0800296e   0x00000002   PAD
    0x08002970   0x000000d0   Code   RO         3164    i.Left_set          dianji.o
    0x08002a40   0x00000104   Code   RO          190    i.MX_GPIO_Init      gpio.o
    0x08002b44   0x000000b4   Code   RO          217    i.MX_TIM1_Init      tim.o
    0x08002bf8   0x00000074   Code   RO          218    i.MX_TIM2_Init      tim.o
    0x08002c6c   0x00000084   Code   RO          219    i.MX_TIM3_Init      tim.o
    0x08002cf0   0x00000084   Code   RO          220    i.MX_TIM4_Init      tim.o
    0x08002d74   0x000000b4   Code   RO          221    i.MX_TIM8_Init      tim.o
    0x08002e28   0x00000038   Code   RO          294    i.MX_USART1_UART_Init  usart.o
    0x08002e60   0x00000038   Code   RO          295    i.MX_USART3_UART_Init  usart.o
    0x08002e98   0x00000002   Code   RO          356    i.MemManage_Handler  stm32f1xx_it.o
    0x08002e9a   0x00000002   Code   RO          357    i.NMI_Handler       stm32f1xx_it.o
    0x08002e9c   0x00000002   Code   RO          358    i.PendSV_Handler    stm32f1xx_it.o
    0x08002e9e   0x00000002   PAD
    0x08002ea0   0x000000d4   Code   RO         3165    i.Right_set         dianji.o
    0x08002f74   0x00000002   Code   RO          359    i.SVC_Handler       stm32f1xx_it.o
    0x08002f76   0x00000002   PAD
    0x08002f78   0x00000064   Code   RO         3166    i.Stop              dianji.o
    0x08002fdc   0x00000004   Code   RO          360    i.SysTick_Handler   stm32f1xx_it.o
    0x08002fe0   0x0000005e   Code   RO           14    i.SystemClock_Config  main.o
    0x0800303e   0x00000002   Code   RO         2820    i.SystemInit        system_stm32f1xx.o
    0x08003040   0x0000008c   Code   RO          601    i.TIM_Base_SetConfig  stm32f1xx_hal_tim.o
    0x080030cc   0x0000001a   Code   RO          602    i.TIM_CCxChannelCmd  stm32f1xx_hal_tim.o
    0x080030e6   0x00000002   PAD
    0x080030e8   0x00000060   Code   RO          614    i.TIM_OC1_SetConfig  stm32f1xx_hal_tim.o
    0x08003148   0x0000006c   Code   RO          615    i.TIM_OC2_SetConfig  stm32f1xx_hal_tim.o
    0x080031b4   0x00000068   Code   RO          616    i.TIM_OC3_SetConfig  stm32f1xx_hal_tim.o
    0x0800321c   0x00000050   Code   RO          617    i.TIM_OC4_SetConfig  stm32f1xx_hal_tim.o
    0x0800326c   0x00000010   Code   RO         2499    i.UART_DMAAbortOnError  stm32f1xx_hal_uart.o
    0x0800327c   0x0000004e   Code   RO         2509    i.UART_EndRxTransfer  stm32f1xx_hal_uart.o
    0x080032ca   0x000000c2   Code   RO         2511    i.UART_Receive_IT   stm32f1xx_hal_uart.o
    0x0800338c   0x000000b8   Code   RO         2512    i.UART_SetConfig    stm32f1xx_hal_uart.o
    0x08003444   0x00000036   Code   RO         2514    i.UART_Start_Receive_IT  stm32f1xx_hal_uart.o
    0x0800347a   0x00000078   Code   RO         2515    i.UART_WaitOnFlagUntilTimeout  stm32f1xx_hal_uart.o
    0x080034f2   0x00000002   PAD
    0x080034f4   0x0000000c   Code   RO          361    i.USART1_IRQHandler  stm32f1xx_it.o
    0x08003500   0x0000000c   Code   RO          362    i.USART3_IRQHandler  stm32f1xx_it.o
    0x0800350c   0x00000002   Code   RO          363    i.UsageFault_Handler  stm32f1xx_it.o
    0x0800350e   0x00000002   PAD
    0x08003510   0x00000020   Code   RO         3590    i.__0printf         mc_w.l(printfa.o)
    0x08003530   0x00000028   Code   RO         3592    i.__0sprintf        mc_w.l(printfa.o)
    0x08003558   0x00000028   Code   RO         3675    i.__ARM_fpclassify  m_ws.l(fpclassify.o)
    0x08003580   0x00000020   Code   RO         1969    i.__NVIC_SetPriority  stm32f1xx_hal_cortex.o
    0x080035a0   0x00000008   Code   RO         3742    i.__aeabi_errno_addr  mc_w.l(errno.o)
    0x080035a8   0x00000388   Code   RO         3680    i.__ieee754_rem_pio2  m_ws.l(rred.o)
    0x08003930   0x000000fc   Code   RO         3658    i.__kernel_cos      m_ws.l(cos_i.o)
    0x08003a2c   0x000000aa   Code   RO         3677    i.__kernel_poly     m_ws.l(poly.o)
    0x08003ad6   0x00000002   PAD
    0x08003ad8   0x000000ec   Code   RO         3685    i.__kernel_sin      m_ws.l(sin_i.o)
    0x08003bc4   0x00000006   Code   RO         3662    i.__mathlib_dbl_infnan  m_ws.l(dunder.o)
    0x08003bca   0x00000004   Code   RO         3663    i.__mathlib_dbl_infnan2  m_ws.l(dunder.o)
    0x08003bce   0x0000000c   Code   RO         3664    i.__mathlib_dbl_invalid  m_ws.l(dunder.o)
    0x08003bda   0x00000002   PAD
    0x08003bdc   0x00000010   Code   RO         3667    i.__mathlib_dbl_underflow  m_ws.l(dunder.o)
    0x08003bec   0x0000000c   Code   RO         3743    i.__read_errno      mc_w.l(errno.o)
    0x08003bf8   0x0000000e   Code   RO         3785    i.__scatterload_copy  mc_w.l(handlers.o)
    0x08003c06   0x00000002   Code   RO         3786    i.__scatterload_null  mc_w.l(handlers.o)
    0x08003c08   0x0000000e   Code   RO         3787    i.__scatterload_zeroinit  mc_w.l(handlers.o)
    0x08003c16   0x00000002   PAD
    0x08003c18   0x0000000c   Code   RO         3744    i.__set_errno       mc_w.l(errno.o)
    0x08003c24   0x00000184   Code   RO         3597    i._fp_digits        mc_w.l(printfa.o)
    0x08003da8   0x0000000e   Code   RO         3776    i._is_digit         mc_w.l(scanf_fp.o)
    0x08003db6   0x00000002   PAD
    0x08003db8   0x000006dc   Code   RO         3598    i._printf_core      mc_w.l(printfa.o)
    0x08004494   0x00000024   Code   RO         3599    i._printf_post_padding  mc_w.l(printfa.o)
    0x080044b8   0x0000002e   Code   RO         3600    i._printf_pre_padding  mc_w.l(printfa.o)
    0x080044e6   0x00000002   PAD
    0x080044e8   0x000000b0   Code   RO         3215    i._run              lineread.o
    0x08004598   0x0000000a   Code   RO         3602    i._sputc            mc_w.l(printfa.o)
    0x080045a2   0x00000002   PAD
    0x080045a4   0x0000027c   Code   RO         3269    i.acos              m_ws.l(acos.o)
    0x08004820   0x00000160   Code   RO         2858    i.arm_control       duoji.o
    0x08004980   0x00000080   Code   RO         2859    i.arm_init          duoji.o
    0x08004a00   0x00000270   Code   RO         3279    i.asin              m_ws.l(asin.o)
    0x08004c70   0x00000220   Code   RO         3289    i.atan              m_ws.l(atan.o)
    0x08004e90   0x00000180   Code   RO         3299    i.atan2             m_ws.l(atan2.o)
    0x08005010   0x0000002a   Code   RO         3307    i.atof              m_ws.l(atof.o)
    0x0800503a   0x00000002   PAD
    0x0800503c   0x00000084   Code   RO         3167    i.back              dianji.o
    0x080050c0   0x0000009c   Code   RO         3311    i.cos               m_ws.l(cos.o)
    0x0800515c   0x0000003c   Code   RO         2860    i.duoji_pwmstart    duoji.o
    0x08005198   0x0000003c   Code   RO         2861    i.duoji_pwmstop     duoji.o
    0x080051d4   0x00000030   Code   RO         2862    i.extremity_set     duoji.o
    0x08005204   0x00000014   Code   RO         3216    i.find_mid_mode     lineread.o
    0x08005218   0x00000018   Code   RO          297    i.fputc             usart.o
    0x08005230   0x00000060   Code   RO         2863    i.glab_place_mode   duoji.o
    0x08005290   0x00000084   Code   RO         3168    i.go                dianji.o
    0x08005314   0x00000324   Code   RO           15    i.main              main.o
    0x08005638   0x0000005c   Code   RO         3217    i.motor_pid         lineread.o
    0x08005694   0x00000034   Code   RO         3218    i.motor_run         lineread.o
    0x080056c8   0x0000006c   Code   RO         2864    i.move_axie0        duoji.o
    0x08005734   0x000000c4   Code   RO         2865    i.move_x            duoji.o
    0x080057f8   0x00000048   Code   RO         2866    i.move_x_mode       duoji.o
    0x08005840   0x000000d8   Code   RO         2867    i.move_y            duoji.o
    0x08005918   0x000000c4   Code   RO         2868    i.move_z            duoji.o
    0x080059dc   0x00000020   Code   RO           16    i.print             main.o
    0x080059fc   0x00000250   Code   RO         2869    i.pro_ni            duoji.o
    0x08005c4c   0x00000314   Code   RO           17    i.rx_proc           main.o
    0x08005f60   0x000000a0   Code   RO         3329    i.sin               m_ws.l(sin.o)
    0x08006000   0x000000f8   Code   RO         3219    i.sj_read           lineread.o
    0x080060f8   0x0000004c   Code   RO         3337    i.sqrt              m_ws.l(sqrt.o)
    0x08006144   0x0000002c   Code   RO           18    i.str_hex           main.o
    0x08006170   0x00000038   Code   RO         2870    i.wait_mode         duoji.o
    0x080061a8   0x00000060   Code   RO         2871    i.world_move        duoji.o
    0x08006208   0x00000012   Data   RO         1667    .constdata          stm32f1xx_hal_rcc.o
    0x0800621a   0x00000010   Data   RO         2821    .constdata          system_stm32f1xx.o
    0x0800622a   0x00000008   Data   RO         2822    .constdata          system_stm32f1xx.o
    0x08006232   0x00000006   PAD
    0x08006238   0x00000050   Data   RO         3270    .constdata          m_ws.l(acos.o)
    0x08006288   0x00000050   Data   RO         3280    .constdata          m_ws.l(asin.o)
    0x080062d8   0x00000098   Data   RO         3290    .constdata          m_ws.l(atan.o)
    0x08006370   0x00000030   Data   RO         3659    .constdata          m_ws.l(cos_i.o)
    0x080063a0   0x00000008   Data   RO         3679    .constdata          m_ws.l(qnan.o)
    0x080063a8   0x000000c8   Data   RO         3682    .constdata          m_ws.l(rred.o)
    0x08006470   0x00000028   Data   RO         3686    .constdata          m_ws.l(sin_i.o)
    0x08006498   0x00000081   Data   RO         3715    .constdata          mc_w.l(ctype_o.o)
    0x08006519   0x00000003   PAD
    0x0800651c   0x00000004   Data   RO         3716    .constdata          mc_w.l(ctype_o.o)
    0x08006520   0x00000020   Data   RO         3783    Region$$Table       anon$$obj.o


    Execution Region RW_IRAM1 (Base: 0x20000000, Size: 0x00000838, Max: 0x00010000, ABSOLUTE)

    Base Addr    Size         Type   Attr      Idx    E Section Name        Object

    0x20000000   0x00000010   Data   RW           20    .data               main.o
    0x20000010   0x0000000c   Data   RW         1504    .data               stm32f1xx_hal.o
    0x2000001c   0x00000004   Data   RW         2823    .data               system_stm32f1xx.o
    0x20000020   0x00000004   Data   RW         2873    .data               duoji.o
    0x20000024   0x00000008   Data   RW         2980    .data               intterupt.o
    0x2000002c   0x00000008   Data   RW         3221    .data               lineread.o
    0x20000034   0x00000004   Data   RW         3705    .data               mc_w.l(stdout.o)
    0x20000038   0x00000004   Data   RW         3745    .data               mc_w.l(errno.o)
    0x2000003c   0x000001bc   Zero   RW           19    .bss                main.o
    0x200001f8   0x00000168   Zero   RW          223    .bss                tim.o
    0x20000360   0x00000090   Zero   RW          298    .bss                usart.o
    0x200003f0   0x00000014   Zero   RW         2872    .bss                duoji.o
    0x20000404   0x0000001e   Zero   RW         2979    .bss                intterupt.o
    0x20000422   0x00000002   PAD
    0x20000424   0x00000010   Zero   RW         3220    .bss                lineread.o
    0x20000434   0x00000004   PAD
    0x20000438   0x00000400   Zero   RW            1    STACK               startup_stm32f103xe.o


==============================================================================

Image component sizes


      Code (inc. data)   RO Data    RW Data    ZI Data      Debug   Object Name

       784         80          0          0          0       2886   dianji.o
      2536        232          0          4         20       9465   duoji.o
       260         24          0          0          0       1027   gpio.o
       112         40          0          8         30       1679   intterupt.o
       588         84          0          8         16       3442   lineread.o
      1766        478          0         16        444     493158   main.o
        36          8        304          0       1024        788   startup_stm32f103xe.o
       164         28          0         12          0       6509   stm32f1xx_hal.o
       198         14          0          0          0      28935   stm32f1xx_hal_cortex.o
       374          8          0          0          0       1835   stm32f1xx_hal_dma.o
       548         48          0          0          0       4130   stm32f1xx_hal_gpio.o
        68         10          0          0          0        870   stm32f1xx_hal_msp.o
      1240         84         18          0          0       5112   stm32f1xx_hal_rcc.o
      1152         86          0          0          0       8861   stm32f1xx_hal_tim.o
       208         20          0          0          0       2144   stm32f1xx_hal_tim_ex.o
      1554         10          0          0          0      10888   stm32f1xx_hal_uart.o
        50         12          0          0          0       5169   stm32f1xx_it.o
         2          0         24          4          0       1119   system_stm32f1xx.o
      1200        108          0          0        360       5423   tim.o
       376         44          0          0        144       2919   usart.o

    ----------------------------------------------------------------------
     13232       1418        384         52       2044     596359   Object Totals
         0          0         32          0          0          0   (incl. Generated)
        16          0          6          0          6          0   (incl. Padding)

    ----------------------------------------------------------------------

      Code (inc. data)   RO Data    RW Data    ZI Data      Debug   Library Member Name

       636         62         80          0          0        188   acos.o
       624         52         80          0          0        168   asin.o
       544         70        152          0          0        124   atan.o
       384         38          0          0          0        144   atan2.o
        42          0          0          0          0         84   atof.o
       156          8          0          0          0        104   cos.o
       252         22         48          0          0        124   cos_i.o
        38          6          0          0          0        272   dunder.o
        40          0          0          0          0         68   fpclassify.o
       170          0          0          0          0         96   poly.o
         0          0          8          0          0          0   qnan.o
       904         76        200          0          0        140   rred.o
       160         10          0          0          0        108   sin.o
       236         12         40          0          0        128   sin_i.o
        76          0          0          0          0         84   sqrt.o
        56          8          0          0          0         84   __0sscanf.o
        28          0          0          0          0         68   _chval.o
       812          4          0          0          0        112   _scanf.o
       224          0          0          0          0         96   _scanf_str.o
        64          0          0          0          0         84   _sgetc.o
       158          0          0          0          0         92   _strtoul.o
        26          0          0          0          0         80   atoi.o
         8          4        133          0          0         68   ctype_o.o
         0          0          0          0          0          0   entry.o
         0          0          0          0          0          0   entry10a.o
         0          0          0          0          0          0   entry11a.o
         8          4          0          0          0          0   entry2.o
         4          0          0          0          0          0   entry5.o
         0          0          0          0          0          0   entry7b.o
         0          0          0          0          0          0   entry8b.o
         8          4          0          0          0          0   entry9a.o
        32         16          0          4          0        204   errno.o
        30          0          0          0          0          0   handlers.o
        36          8          0          0          0         68   init.o
        18          0          0          0          0         76   isspace_o.o
         0          0          0          0          0          0   iusefp.o
        30          0          0          0          0         68   llshl.o
        36          0          0          0          0         68   llsshr.o
        32          0          0          0          0         68   llushr.o
        36          0          0          0          0        108   memseta.o
      2308         96          0          0          0        604   printfa.o
        40          8          0          0          0         84   scanf_char.o
       838         12          0          0          0        216   scanf_fp.o
         0          0          0          4          0          0   stdout.o
        14          0          0          0          0         68   strlen.o
       156         12          0          0          0        120   strtod.o
       112          0          0          0          0         88   strtol.o
        44          0          0          0          0         80   uidiv.o
        98          0          0          0          0         92   uldiv.o
        48          0          0          0          0         68   cdrcmple.o
        56          0          0          0          0         88   d2f.o
       334          0          0          0          0        148   dadd.o
       222          0          0          0          0        100   ddiv.o
       186          0          0          0          0        176   depilogue.o
        62          0          0          0          0         80   dfixi.o
        50          0          0          0          0         76   dfixui.o
        48          0          0          0          0         68   dfixul.o
        34          0          0          0          0         76   dflti.o
        26          0          0          0          0         76   dfltui.o
        24          0          0          0          0         76   dfltul.o
       228          0          0          0          0         96   dmul.o
        46          0          0          0          0         80   dscalb.o
       162          0          0          0          0        100   dsqrt.o
        38          0          0          0          0         68   f2d.o
       176          0          0          0          0        140   fadd.o
       110          0          0          0          0        168   fepilogue.o
        50          0          0          0          0         68   ffixi.o
        18          0          0          0          0         68   fflti.o
       100          0          0          0          0         76   fmul.o

    ----------------------------------------------------------------------
     11560        532        744          8          0       6424   Library Totals
        24          0          3          0          0          0   (incl. Padding)

    ----------------------------------------------------------------------

      Code (inc. data)   RO Data    RW Data    ZI Data      Debug   Library Name

      4262        356        608          0          0       1832   m_ws.l
      5256        176        133          8          0       2696   mc_w.l
      2018          0          0          0          0       1896   mf_w.l

    ----------------------------------------------------------------------
     11560        532        744          8          0       6424   Library Totals

    ----------------------------------------------------------------------

==============================================================================


      Code (inc. data)   RO Data    RW Data    ZI Data      Debug   

     24792       1950       1128         60       2044     594147   Grand Totals
     24792       1950       1128         60       2044     594147   ELF Image Totals
     24792       1950       1128         60          0          0   ROM Totals

==============================================================================

    Total RO  Size (Code + RO Data)                25920 (  25.31kB)
    Total RW  Size (RW Data + ZI Data)              2104 (   2.05kB)
    Total ROM Size (Code + RO Data + RW Data)      25980 (  25.37kB)

==============================================================================

